[www.pocketesim.com/en.html]
[backblue.gif]
[fade.gif]
[index.html]
[cdn.pocketesim.com/favicon.png]
[cdn.pocketesim.com/img/logo.png]
[www.pocketesim.com/tr.html]
[www.pocketesim.com/css/app55cc.css]
[connect.facebook.net/en_US/fbevents.js]
[script.getreditus.com/v2.js]
[www.pocketesim.com/en/esim.html]
[www.pocketesim.com/en/esim/asia.html]
[www.pocketesim.com/en/esim/europe.html]
[www.pocketesim.com/en/esim/middle-east.html]
[www.pocketesim.com/en/esim/oceania.html]
[www.pocketesim.com/en/esim/south-america.html]
[www.pocketesim.com/en/esim/north-america.html]
[www.pocketesim.com/en/esim/global-one.html]
[www.pocketesim.com/en/esim/turkey.html]
[www.pocketesim.com/en/esim/saudi-arabia.html]
[www.pocketesim.com/en/esim/germany.html]
[www.pocketesim.com/en/esim/united-arab-emirates.html]
[www.pocketesim.com/en/esim/france.html]
[www.pocketesim.com/en/esim/greece.html]
[www.pocketesim.com/en/esim/united-kingdom.html]
[www.pocketesim.com/en/esim/italy.html]
[www.pocketesim.com/en/esim/qatar.html]
[www.pocketesim.com/en/esim/austria.html]
[www.pocketesim.com/en/esim/switzerland.html]
[www.pocketesim.com/en/esim/china.html]
[www.pocketesim.com/en/esim/spain.html]
[www.pocketesim.com/en/esim/japan.html]
[www.pocketesim.com/en/esim/kuwait.html]
[www.pocketesim.com/en/esim/mexico.html]
[www.pocketesim.com/en/esim/netherlands.html]
[www.pocketesim.com/en/esim/singapore.html]
[www.pocketesim.com/en/esim/thailand.html]
[www.pocketesim.com/en/esim/united-states.html]
[www.pocketesim.com/en/partner-with-us.html]
[www.pocketesim.com/en/about-us.html]
[www.pocketesim.com/en/user/login.html]
[www.pocketesim.com/en/user/signup.html]
[www.pocketesim.com/en/user/loginff64.html]
[www.pocketesim.com/en/user/loginf8f5.html]
[www.pocketesim.com/en/user/loginc4d3.html]
[www.pocketesim.com/en/user/logine64f.html]
[www.pocketesim.com/img/home/header-woman.png]
[www.pocketesim.com/img/home/header-man.png]
[www.pocketesim.com/img/home/buy-data-plan.png]
[www.pocketesim.com/img/home/install-esim.png]
[www.pocketesim.com/img/home/start-plan.png]
[cdn.pocketesim.com/img/mock/download-screens.png]
[cdn.pocketesim.com/img/mock/download-screens-mobile.png]
[www.pocketesim.com/en/contact-us.html]
[www.pocketesim.com/en/faq.html]
[www.pocketesim.com/en/blog.html]
[www.pocketesim.com/en/how-it-works.html]
[www.pocketesim.com/en/privacy-cookie-policy.html]
[www.pocketesim.com/en/terms-conditions.html]
[code.jquery.com/jquery-3.7.1.min55cc.js]
[ajax.aspnetcdn.com/ajax/jquery.validate/1.14.0/jquery.validate55cc.js]
[malsup.github.io/jquery.blockUI55cc.js]
[cdnjs.cloudflare.com/ajax/libs/jquery.inputmask/3.3.4/jquery.inputmask.bundle.min55cc.js]
[www.pocketesim.com/js/app55cc.js]
[cdn.pocketesim.com/custom55cc.js]
[cdn.pocketesim.com/js/js.cookie.min.js]
[cdn.pocketesim.com/img/summer-en.jpg]
[www.pocketesim.com/en.html]
[www.pocketesim.com/tr/esim.html]
[www.pocketesim.com/tr/esim/asia.html]
[www.pocketesim.com/tr/esim/europe.html]
[www.pocketesim.com/tr/esim/middle-east.html]
[www.pocketesim.com/tr/esim/oceania.html]
[www.pocketesim.com/tr/esim/south-america.html]
[www.pocketesim.com/tr/esim/north-america.html]
[www.pocketesim.com/tr/esim/global-one.html]
[www.pocketesim.com/tr/esim/turkey.html]
[www.pocketesim.com/tr/esim/saudi-arabia.html]
[www.pocketesim.com/tr/esim/germany.html]
[www.pocketesim.com/tr/esim/united-arab-emirates.html]
[www.pocketesim.com/tr/esim/france.html]
[www.pocketesim.com/tr/esim/greece.html]
[www.pocketesim.com/tr/esim/united-kingdom.html]
[www.pocketesim.com/tr/esim/italy.html]
[www.pocketesim.com/tr/esim/qatar.html]
[www.pocketesim.com/tr/esim/austria.html]
[www.pocketesim.com/tr/esim/switzerland.html]
[www.pocketesim.com/tr/esim/china.html]
[www.pocketesim.com/tr/esim/spain.html]
[www.pocketesim.com/tr/esim/japan.html]
[www.pocketesim.com/tr/esim/kuwait.html]
[www.pocketesim.com/tr/esim/mexico.html]
[www.pocketesim.com/tr/esim/netherlands.html]
[www.pocketesim.com/tr/esim/singapore.html]
[www.pocketesim.com/tr/esim/thailand.html]
[www.pocketesim.com/tr/esim/united-states.html]
[www.pocketesim.com/tr/partner-with-us.html]
[www.pocketesim.com/tr/about-us.html]
[www.pocketesim.com/tr/user/login.html]
[www.pocketesim.com/tr/user/signup.html]
[www.pocketesim.com/tr/user/login9d7e.html]
[www.pocketesim.com/tr/user/login56ff.html]
[www.pocketesim.com/tr/user/login91cd.html]
[www.pocketesim.com/tr/user/login9a44.html]
[www.pocketesim.com/tr/contact-us.html]
[www.pocketesim.com/tr/faq.html]
[www.pocketesim.com/tr/blog.html]
[www.pocketesim.com/tr/how-it-works.html]
[www.pocketesim.com/tr/privacy-cookie-policy.html]
[www.pocketesim.com/tr/terms-conditions.html]
[cdn.pocketesim.com/img/summer-tr.jpg]
[www.pocketesim.com/tr.html]
[www.pocketesim.com/fonts/Satoshi-Variable.woff2]
[www.pocketesim.com/fonts/Satoshi-Variable.woff]
[www.pocketesim.com/fonts/Satoshi-Variable.ttf]
[www.pocketesim.com/fonts/Satoshi-VariableItalic.woff2]
[www.pocketesim.com/fonts/Satoshi-VariableItalic.woff]
[www.pocketesim.com/fonts/Satoshi-VariableItalic.ttf]
[www.pocketesim.com/fonts/Satoshi-Light.woff2]
[www.pocketesim.com/fonts/Satoshi-Light.woff]
[www.pocketesim.com/fonts/Satoshi-Light.ttf]
[www.pocketesim.com/fonts/Satoshi-LightItalic.woff2]
[www.pocketesim.com/fonts/Satoshi-LightItalic.woff]
[www.pocketesim.com/fonts/Satoshi-LightItalic.ttf]
[www.pocketesim.com/fonts/Satoshi-Regular.woff2]
[www.pocketesim.com/fonts/Satoshi-Regular.woff]
[www.pocketesim.com/fonts/Satoshi-Regular.ttf]
[www.pocketesim.com/fonts/Satoshi-Italic.woff2]
[www.pocketesim.com/fonts/Satoshi-Italic.woff]
[www.pocketesim.com/fonts/Satoshi-Italic.ttf]
[www.pocketesim.com/fonts/Satoshi-Medium.woff2]
[www.pocketesim.com/fonts/Satoshi-Medium.woff]
[www.pocketesim.com/fonts/Satoshi-Medium.ttf]
[www.pocketesim.com/fonts/Satoshi-MediumItalic.woff2]
[www.pocketesim.com/fonts/Satoshi-MediumItalic.woff]
[www.pocketesim.com/fonts/Satoshi-MediumItalic.ttf]
[www.pocketesim.com/fonts/Satoshi-Bold.woff2]
[www.pocketesim.com/fonts/Satoshi-Bold.woff]
[www.pocketesim.com/fonts/Satoshi-Bold.ttf]
[www.pocketesim.com/fonts/Satoshi-BoldItalic.woff2]
[www.pocketesim.com/fonts/Satoshi-BoldItalic.woff]
[www.pocketesim.com/fonts/Satoshi-BoldItalic.ttf]
[www.pocketesim.com/fonts/Satoshi-Black.woff2]
[www.pocketesim.com/fonts/Satoshi-Black.woff]
[www.pocketesim.com/fonts/Satoshi-Black.ttf]
[www.pocketesim.com/fonts/Satoshi-BlackItalic.woff2]
[www.pocketesim.com/fonts/Satoshi-BlackItalic.woff]
[www.pocketesim.com/fonts/Satoshi-BlackItalic.ttf]
[www.pocketesim.com/img/login/login-woman.png]
[www.pocketesim.com/img/login/login-man.png]
[www.pocketesim.com/img/product-detail/default-background.png]
[www.pocketesim.com/fonts/icomoon865e.eot]
[www.pocketesim.com/fonts/icomoon30bc.ttf]
[www.pocketesim.com/fonts/icomoondd26.woff]
[www.pocketesim.com/css/app55cc.css]
[www.googletagmanager.com/gtm5445.html]
[www.pocketesim.com/signals/iwl.js]
[connect.facebook.net/en_US/fbevents.js]
[www.pocketesim.com/img/logo.svg]
[www.pocketesim.com/en/esim/andorra.html]
[www.pocketesim.com/en/esim/antigua-and-barbuda.html]
[www.pocketesim.com/en/esim/anguilla.html]
[www.pocketesim.com/en/esim/albania.html]
[www.pocketesim.com/en/esim/armenia.html]
[www.pocketesim.com/en/esim/argentina.html]
[www.pocketesim.com/en/esim/australia.html]
[www.pocketesim.com/en/esim/azerbaijan.html]
[www.pocketesim.com/en/esim/bosnia-and-herzegovina.html]
[www.pocketesim.com/en/esim/barbados.html]
[www.pocketesim.com/en/esim/bangladesh.html]
[www.pocketesim.com/en/esim/belgium.html]
[www.pocketesim.com/en/esim/bulgaria.html]
[www.pocketesim.com/en/esim/bahrain.html]
[www.pocketesim.com/en/esim/brunei.html]
[www.pocketesim.com/en/esim/bolivia.html]
[www.pocketesim.com/en/esim/brazil.html]
[www.pocketesim.com/en/esim/bahamas.html]
[www.pocketesim.com/en/esim/botswana.html]
[www.pocketesim.com/en/esim/belarus.html]
[www.pocketesim.com/en/esim/canada.html]
[www.pocketesim.com/en/esim/democratic-republic-of-the-congo.html]
[www.pocketesim.com/en/esim/chile.html]
[www.pocketesim.com/en/esim/cameroon.html]
[www.pocketesim.com/en/esim/colombia.html]
[www.pocketesim.com/en/esim/costa-rica.html]
[www.pocketesim.com/en/esim/cape-verde.html]
[www.pocketesim.com/en/esim/cyprus.html]
[www.pocketesim.com/en/esim/czech-republic.html]
[www.pocketesim.com/en/esim/denmark.html]
[www.pocketesim.com/en/esim/dominica.html]
[www.pocketesim.com/en/esim/dominican-republic.html]
[www.pocketesim.com/en/esim/algeria.html]
[www.pocketesim.com/en/esim/ecuador.html]
[www.pocketesim.com/en/esim/estonia.html]
[www.pocketesim.com/en/esim/egypt.html]
[www.pocketesim.com/en/esim/finland.html]
[www.pocketesim.com/en/esim/fiji.html]
[www.pocketesim.com/en/esim/faroe-islands.html]
[www.pocketesim.com/en/esim/gabon.html]
[www.pocketesim.com/en/esim/grenada.html]
[www.pocketesim.com/en/esim/georgia.html]
[www.pocketesim.com/en/esim/french-guiana.html]
[www.pocketesim.com/en/esim/guernsey.html]
[www.pocketesim.com/en/esim/ghana.html]
[www.pocketesim.com/en/esim/gibraltar.html]
[www.pocketesim.com/en/esim/greenland.html]
[www.pocketesim.com/en/esim/guinea.html]
[www.pocketesim.com/en/esim/guadeloupe.html]
[www.pocketesim.com/en/esim/guatemala.html]
[www.pocketesim.com/en/esim/guam.html]
[www.pocketesim.com/en/esim/guinea-bissau.html]
[www.pocketesim.com/en/esim/hong-kong.html]
[www.pocketesim.com/en/esim/honduras.html]
[www.pocketesim.com/en/esim/croatia.html]
[www.pocketesim.com/en/esim/hungary.html]
[www.pocketesim.com/en/esim/indonesia.html]
[www.pocketesim.com/en/esim/ireland.html]
[www.pocketesim.com/en/esim/israel.html]
[www.pocketesim.com/en/esim/isle-of-man.html]
[www.pocketesim.com/en/esim/india.html]
[www.pocketesim.com/en/esim/iraq.html]
[www.pocketesim.com/en/esim/iran.html]
[www.pocketesim.com/en/esim/iceland.html]
[www.pocketesim.com/en/esim/jersey.html]
[www.pocketesim.com/en/esim/jamaica.html]
[www.pocketesim.com/en/esim/jordan.html]
[www.pocketesim.com/en/esim/kenya.html]
[www.pocketesim.com/en/esim/kyrgyzstan.html]
[www.pocketesim.com/en/esim/cambodia.html]
[www.pocketesim.com/en/esim/saint-kitts-and-nevis.html]
[www.pocketesim.com/en/esim/south-korea.html]
[www.pocketesim.com/en/esim/cayman-islands.html]
[www.pocketesim.com/en/esim/kazakhstan.html]
[www.pocketesim.com/en/esim/laos.html]
[www.pocketesim.com/en/esim/saint-lucia.html]
[www.pocketesim.com/en/esim/liechtenstein.html]
[www.pocketesim.com/en/esim/sri-lanka.html]
[www.pocketesim.com/en/esim/liberia.html]
[www.pocketesim.com/en/esim/lesotho.html]
[www.pocketesim.com/en/esim/lithuania.html]
[www.pocketesim.com/en/esim/luxembourg.html]
[www.pocketesim.com/en/esim/latvia.html]
[www.pocketesim.com/en/esim/morocco.html]
[www.pocketesim.com/en/esim/monaco.html]
[www.pocketesim.com/en/esim/moldova.html]
[www.pocketesim.com/en/esim/montenegro.html]
[www.pocketesim.com/en/esim/madagascar.html]
[www.pocketesim.com/en/esim/myanmar-burma.html]
[www.pocketesim.com/en/esim/mongolia.html]
[www.pocketesim.com/en/esim/macao.html]
[www.pocketesim.com/en/esim/martinique.html]
[www.pocketesim.com/en/esim/montserrat.html]
[www.pocketesim.com/en/esim/malta.html]
[www.pocketesim.com/en/esim/mauritius.html]
[www.pocketesim.com/en/esim/malawi.html]
[www.pocketesim.com/en/esim/malaysia.html]
[www.pocketesim.com/en/esim/mozambique.html]
[www.pocketesim.com/en/esim/nigeria.html]
[www.pocketesim.com/en/esim/nicaragua.html]
[www.pocketesim.com/en/esim/norway.html]
[www.pocketesim.com/en/esim/new-zealand.html]
[www.pocketesim.com/en/esim/oman.html]
[www.pocketesim.com/en/esim/panama.html]
[www.pocketesim.com/en/esim/peru.html]
[www.pocketesim.com/en/esim/papua-new-guinea.html]
[www.pocketesim.com/en/esim/philippines.html]
[www.pocketesim.com/en/esim/pakistan.html]
[www.pocketesim.com/en/esim/poland.html]
[www.pocketesim.com/en/esim/puerto-rico.html]
[www.pocketesim.com/en/esim/palestine.html]
[www.pocketesim.com/en/esim/portugal.html]
[www.pocketesim.com/en/esim/paraguay.html]
[www.pocketesim.com/en/esim/reunion.html]
[www.pocketesim.com/en/esim/romania.html]
[www.pocketesim.com/en/esim/serbia.html]
[www.pocketesim.com/en/esim/russia.html]
[www.pocketesim.com/en/esim/rwanda.html]
[www.pocketesim.com/en/esim/seychelles.html]
[www.pocketesim.com/en/esim/sudan.html]
[www.pocketesim.com/en/esim/sweden.html]
[www.pocketesim.com/en/esim/slovenia.html]
[www.pocketesim.com/en/esim/slovakia.html]
[www.pocketesim.com/en/esim/el-salvador.html]
[www.pocketesim.com/en/esim/turks-and-caicos-islands.html]
[www.pocketesim.com/en/esim/chad.html]
[www.pocketesim.com/en/esim/tajikistan.html]
[www.pocketesim.com/en/esim/tunisia.html]
[www.pocketesim.com/en/esim/tonga.html]
[www.pocketesim.com/en/esim/trinidad-and-tobago.html]
[www.pocketesim.com/en/esim/taiwan.html]
[www.pocketesim.com/en/esim/tanzania.html]
[www.pocketesim.com/en/esim/ukraine.html]
[www.pocketesim.com/en/esim/uganda.html]
[www.pocketesim.com/en/esim/uruguay.html]
[www.pocketesim.com/en/esim/uzbekistan.html]
[www.pocketesim.com/en/esim/saint-vincent-and-the-grenadines.html]
[www.pocketesim.com/en/esim/british-virgin-islands.html]
[www.pocketesim.com/en/esim/vietnam.html]
[www.pocketesim.com/en/esim/samoa.html]
[www.pocketesim.com/en/esim/kosovo.html]
[www.pocketesim.com/en/esim/yemen.html]
[www.pocketesim.com/en/esim/mayotte.html]
[www.pocketesim.com/en/esim/south-africa.html]
[www.pocketesim.com/en/esim/zambia.html]
[www.pocketesim.com/en/esim/north-cyprus.html]
[www.pocketesim.com/en/esim.html]
[cdn.pocketesim.com/img/product-detail/asi-detail.bg.png]
[cdn.pocketesim.com/img/product-detail/asi-card.png]
[cdn.pocketesim.com/img/product-detail/default-card.png]
[www.pocketesim.com/en/compatibility.html]
[www.pocketesim.com/img/product-detail/default-card.png]
[www.pocketesim.com/en/esim/asia.html]
[cdn.pocketesim.com/img/product-detail/eur-detail.bg.png]
[cdn.pocketesim.com/img/product-detail/eur-card.png]
[www.pocketesim.com/en/esim/europe.html]
[www.pocketesim.com/en/esim/vatican-city.html]
[cdn.pocketesim.com/img/product-detail/emd-detail.bg.png]
[cdn.pocketesim.com/img/product-detail/emd-card.png]
[www.pocketesim.com/en/esim/middle-east.html]
[cdn.pocketesim.com/img/product-detail/oce-detail.bg.png]
[cdn.pocketesim.com/img/product-detail/oce-card.png]
[www.pocketesim.com/en/esim/oceania.html]
[cdn.pocketesim.com/img/product-detail/sam-detail.bg.png]
[cdn.pocketesim.com/img/product-detail/sam-card.png]
[www.pocketesim.com/en/esim/aruba.html]
[www.pocketesim.com/en/esim/south-america.html]
[www.pocketesim.com/en/esim/venezuela.html]
[cdn.pocketesim.com/img/product-detail/nam-detail.bg.png]
[cdn.pocketesim.com/img/product-detail/nam-card.png]
[www.pocketesim.com/en/esim/north-america.html]
[cdn.pocketesim.com/img/product-detail/rg1-detail.bg.png]
[cdn.pocketesim.com/img/product-detail/rg1-card.png]
[www.pocketesim.com/en/esim/aland.html]
[www.pocketesim.com/en/esim/central-african-republic.html]
[www.pocketesim.com/en/esim/republic-of-the-congo.html]
[www.pocketesim.com/en/esim/ivory-coast.html]
[www.pocketesim.com/en/esim/north-macedonia.html]
[www.pocketesim.com/en/esim/mali.html]
[www.pocketesim.com/en/esim/niger.html]
[www.pocketesim.com/en/esim/senegal.html]
[www.pocketesim.com/en/esim/eswatini.html]
[www.pocketesim.com/en/esim/global-one.html]
[www.pocketesim.com/en/esim/french-southern-territories.html]
[cdn.pocketesim.com/img/product-detail/tr-detail.bg.png]
[cdn.pocketesim.com/img/product-detail/tr-card.png]
[www.pocketesim.com/en/esim/turkey.html]
[cdn.pocketesim.com/img/product-detail/sa-detail.bg.png]
[cdn.pocketesim.com/img/product-detail/sa-card.png]
[www.pocketesim.com/en/esim/saudi-arabia.html]
[cdn.pocketesim.com/img/product-detail/de-detail.bg.png]
[cdn.pocketesim.com/img/product-detail/de-card.png]
[www.pocketesim.com/en/esim/germany.html]
[cdn.pocketesim.com/img/product-detail/ae-detail.bg.png]
[cdn.pocketesim.com/img/product-detail/ae-card.png]
[www.pocketesim.com/en/esim/united-arab-emirates.html]
[cdn.pocketesim.com/img/product-detail/fr-detail.bg.png]
[cdn.pocketesim.com/img/product-detail/fr-card.png]
[www.pocketesim.com/en/esim/france.html]
[cdn.pocketesim.com/img/product-detail/gr-detail.bg.png]
[cdn.pocketesim.com/img/product-detail/gr-card.png]
[www.pocketesim.com/en/esim/greece.html]
[cdn.pocketesim.com/img/product-detail/gb-detail.bg.png]
[cdn.pocketesim.com/img/product-detail/gb-card.png]
[www.pocketesim.com/en/esim/united-kingdom.html]
[cdn.pocketesim.com/img/product-detail/it-detail.bg.png]
[cdn.pocketesim.com/img/product-detail/it-card.png]
[www.pocketesim.com/en/esim/italy.html]
[cdn.pocketesim.com/img/product-detail/qa-detail.bg.png]
[cdn.pocketesim.com/img/product-detail/qa-card.png]
[www.pocketesim.com/en/esim/qatar.html]
[cdn.pocketesim.com/img/product-detail/at-detail.bg.png]
[cdn.pocketesim.com/img/product-detail/at-card.png]
[www.pocketesim.com/en/esim/austria.html]
[cdn.pocketesim.com/img/product-detail/ch-detail.bg.png]
[cdn.pocketesim.com/img/product-detail/ch-card.png]
[www.pocketesim.com/en/esim/switzerland.html]
[cdn.pocketesim.com/img/product-detail/cn-detail.bg.png]
[cdn.pocketesim.com/img/product-detail/cn-card.png]
[www.pocketesim.com/en/esim/china.html]
[cdn.pocketesim.com/img/product-detail/es-detail.bg.png]
[cdn.pocketesim.com/img/product-detail/es-card.png]
[www.pocketesim.com/en/esim/spain.html]
[cdn.pocketesim.com/img/product-detail/jp-detail.bg.png]
[cdn.pocketesim.com/img/product-detail/jp-card.png]
[www.pocketesim.com/en/esim/japan.html]
[cdn.pocketesim.com/img/product-detail/kw-detail.bg.png]
[cdn.pocketesim.com/img/product-detail/kw-card.png]
[www.pocketesim.com/en/esim/kuwait.html]
[cdn.pocketesim.com/img/product-detail/mx-detail.bg.png]
[cdn.pocketesim.com/img/product-detail/mx-card.png]
[www.pocketesim.com/en/esim/mexico.html]
[cdn.pocketesim.com/img/product-detail/nl-detail.bg.png]
[cdn.pocketesim.com/img/product-detail/nl-card.png]
[www.pocketesim.com/en/esim/netherlands.html]
[cdn.pocketesim.com/img/product-detail/sg-detail.bg.png]
[cdn.pocketesim.com/img/product-detail/sg-card.png]
[www.pocketesim.com/en/esim/singapore.html]
[cdn.pocketesim.com/img/product-detail/th-detail.bg.png]
[cdn.pocketesim.com/img/product-detail/th-card.png]
[www.pocketesim.com/en/esim/thailand.html]
[cdn.pocketesim.com/img/product-detail/us-detail.bg.png]
[cdn.pocketesim.com/img/product-detail/us-card.png]
[www.pocketesim.com/en/esim/united-states.html]
[www.pocketesim.com/en/partner-with-us.html]
[www.pocketesim.com/img/mock/about-img.jpg]
[www.pocketesim.com/en/about-us.html]
[www.pocketesim.com/img/icons/flags/tr.svg]
[www.pocketesim.com/img/icons/flags/en.svg]
[www.pocketesim.com/en/user/password-reset.html]
[code.jquery.com/jquery-3.7.1.min.js]
[www.pocketesim.com/en/user/login.html]
[www.pocketesim.com/custom55cc.js]
[www.pocketesim.com/en/user/signup.html]
[www.pocketesim.com/en/user/login26f1.html]
[www.pocketesim.com/en/user/password-resetff64.html]
[www.pocketesim.com/en/user/loginff64.html]
[www.pocketesim.com/en/user/signupff64.html]
[www.pocketesim.com/en/user/login899b.html]
[www.pocketesim.com/en/user/password-resetf8f5.html]
[www.pocketesim.com/en/user/loginf8f5.html]
[www.pocketesim.com/en/user/signupf8f5.html]
[www.pocketesim.com/en/user/login6370.html]
[www.pocketesim.com/en/user/password-resetc4d3.html]
[www.pocketesim.com/en/user/loginc4d3.html]
[www.pocketesim.com/en/user/signupc4d3.html]
[www.pocketesim.com/en/user/login32ad.html]
[www.pocketesim.com/en/user/password-resete64f.html]
[www.pocketesim.com/en/user/logine64f.html]
[www.pocketesim.com/img/icons/regions/asia.svg]
[www.pocketesim.com/img/regions/asia.svg]
[www.pocketesim.com/img/icons/regions/europe.svg]
[www.pocketesim.com/img/regions/europe.svg]
[www.pocketesim.com/img/icons/regions/middle-east.svg]
[www.pocketesim.com/img/regions/middle-east.svg]
[www.pocketesim.com/img/icons/regions/oceania.svg]
[www.pocketesim.com/en/user/signupe64f.html]
[www.pocketesim.com/img/regions/oceania.svg]
[www.pocketesim.com/img/icons/regions/south-america.svg]
[www.pocketesim.com/img/regions/south-america.svg]
[www.pocketesim.com/img/icons/regions/north-america.svg]
[www.pocketesim.com/img/regions/north-america.svg]
[www.pocketesim.com/img/icons/regions/global-one.svg]
[www.pocketesim.com/img/regions/global-one.svg]
[www.pocketesim.com/img/mock/contact-img.png]
[www.pocketesim.com/en/contact-us.html]
[www.pocketesim.com/en/faq.html]
[www.pocketesim.com/en/blog/how-to-stay-connected-while-exploring-greece-the-ultimate-esim-guide.html]
[cdn.pocketesim.com/content/36a3a41b476cfe47d18ce8ec967594e4.jpg]
[www.pocketesim.com/en/blog/the-ultimate-guide-to-staying-connected-while-exploring-italy-using-esim.html]
[cdn.pocketesim.com/content/855f9883ad196eb4e6b863b68d520298.jpg]
[www.pocketesim.com/en/blog/how-to-stay-connected-in-north-cyprus-your-ultimate-guide.html]
[cdn.pocketesim.com/content/684478110f8f6378da5411e8e2e6b09d.jpg]
[www.pocketesim.com/en/blog/what-is-data-roaming.html]
[cdn.pocketesim.com/content/a440f172da0ed6ec70187ca9b9400d59.jpg]
[www.pocketesim.com/en/blog/interesting-facts-about-paris.html]
[cdn.pocketesim.com/content/e5034fe920b676370d65621d2c513381.jpg]
[www.pocketesim.com/en/blog/how-long-does-esim-take-to-activate.html]
[cdn.pocketesim.com/content/8dcbdd9350764ab32f2696059bd9f904.jpg]
[www.pocketesim.com/en/blog/is-my-phone-esim-compatible.html]
[cdn.pocketesim.com/content/483df3f6d1d9bb71062cbee05d4daac2.jpg]
[www.pocketesim.com/en/blog/esims-for-travel-guide-all-countries.html]
[cdn.pocketesim.com/content/8fe3dc9aae399eb6046ae19ff061cbef.jpg]
[www.pocketesim.com/en/blog/how-to-get-esim-in-brazil.html]
[cdn.pocketesim.com/content/1231322dfcd685eacd5f29581fb77565.jpg]
[www.pocketesim.com/en/blog/how-to-get-esim-in-japan.html]
[cdn.pocketesim.com/content/59a004bcd4d4b258c31209b4ea24dd72.jpg]
[www.pocketesim.com/en/blog/how-to-get-esim-in-germany.html]
[cdn.pocketesim.com/content/e691468e74a215e468bec2064d3a3a87.jpg]
[www.pocketesim.com/en/blog/how-to-get-esim-in-abu-dhabi.html]
[cdn.pocketesim.com/content/7d809c604f04428648e7c2705fad2c67.jpg]
[www.pocketesim.com/en/blog/enhance-your-gaming-experience-with-esim-faster-and-uninterrupted-connection.html]
[cdn.pocketesim.com/content/4b5b33339c0caf6133c99a26f24a5ba7.jpg]
[www.pocketesim.com/en/blog/esim-and-environmental-impact-benefits-of-replacing-physical-sim-cards-with-esim.html]
[cdn.pocketesim.com/content/80cef25a3c8b9e85db5648b69eceeb3d.jpg]
[www.pocketesim.com/en/blog/esim-and-international-roaming-cost-benefits-and-ease-of-use.html]
[cdn.pocketesim.com/content/6b9404c1a2496dbda604e636b3d14ccc.jpg]
[www.pocketesim.com/en/blog/best-esim-for-international-travel-full-guide.html]
[cdn.pocketesim.com/content/3bbc65ee855de5c36f47fb1c50709ddc.jpg]
[www.pocketesim.com/en/blog/how-to-get-esim-in-france.html]
[cdn.pocketesim.com/content/d4b01eeb0249f030e88682213005bb32.jpg]
[www.pocketesim.com/en/blog/esim-and-5g-technology-integration-new-opportunities.html]
[cdn.pocketesim.com/content/f25a4801f964fe4e3d4c9b493b0005d7.jpg]
[www.pocketesim.com/en/blog/how-to-get-esim-in-spain.html]
[cdn.pocketesim.com/content/de48a54f6e68db17b9fd238c8acb7d7a.jpg]
[www.pocketesim.com/en/blog/why-travelers-should-use-e-sim.html]
[cdn.pocketesim.com/content/a4d4d0da6d8d68aa082503093c340107.jpg]
[www.pocketesim.com/en/blog/how-to-get-esim-in-italy.html]
[cdn.pocketesim.com/content/4b80b6e933fd7cab1189d83227fc6bcc.jpg]
[www.pocketesim.com/en/blog/how-to-get-esim-in-dubai.html]
[cdn.pocketesim.com/content/2a16c3ceb06a1f24cc0bd18df89fa0cd.jpg]
[www.pocketesim.com/en/blog/what-type-of-traveler-are-you.html]
[cdn.pocketesim.com/content/0881912afe7986fd0d164c5417a11e14.jpg]
[www.pocketesim.com/en/blog/how-to-get-esim-in-uk.html]
[cdn.pocketesim.com/content/4e0ee57b0e774142a284db9751ca9f2a.jpg]
[www.pocketesim.com/en/blog/how-to-get-esim-in-australia.html]
[cdn.pocketesim.com/content/323173745289d0f50d0fc03b26b234a4.jpg]
[www.pocketesim.com/en/blog/how-to-get-esim-in-canada.html]
[cdn.pocketesim.com/content/87e94395da5b374258560aa6d61a5f03.jpg]
[www.pocketesim.com/en/blog/how-to-get-esim-in-europe.html]
[cdn.pocketesim.com/content/dd05dd072715daa68a3b2392ab898f36.jpg]
[www.pocketesim.com/en/blog/does-my-phone-support-e-sim.html]
[cdn.pocketesim.com/content/978950965c9e733b8e0a2949cc568206.jpg]
[www.pocketesim.com/en/blog/e-sim-compatibility-around-the-world.html]
[cdn.pocketesim.com/content/aeec7a8408f45e4a44067f5c9b093d30.jpg]
[www.pocketesim.com/en/blog/e-sim-needs-for-turkish-businesspeople-and-tourists-departing-from-turkiye.html]
[cdn.pocketesim.com/content/d9b256be993fb126e573e4dc8c43e718.jpg]
[www.pocketesim.com/en/blog/e-sim-needs-of-businesspeople-and-tourists-visiting-turkiye.html]
[cdn.pocketesim.com/content/bebdd77ae1961d10df8b805ce4783484.jpg]
[www.pocketesim.com/en/blog/types-of-sim-accounts-local-sim-international-sim-e-sim.html]
[cdn.pocketesim.com/content/c98bf9669c1abc2b785f0f1cbe867147.jpg]
[www.pocketesim.com/en/blog/using-physical-sim-and-e-sim-in-dual-sim-support-phones.html]
[cdn.pocketesim.com/content/5e274670faa8b0fc46ab20a60b062e23.jpg]
[www.pocketesim.com/en/blog/the-e-sim-revolution-in-europe.html]
[cdn.pocketesim.com/content/b46ac7a57c7145ba4a24a6952aca1388.jpg]
[www.pocketesim.com/en/blog/is-e-sim-safe.html]
[cdn.pocketesim.com/content/ac3dc9828f60b7448d56ef4d6de7b1f7.jpg]
[www.pocketesim.com/en/blog/e-sim-for-travelers.html]
[cdn.pocketesim.com/content/87f49d12d297876ed5e15ac9edfb2562.jpg]
[www.pocketesim.com/en/blog/advantages-of-e-sim.html]
[cdn.pocketesim.com/content/ba440d43a180ef1102dcf49253d62ef0.jpg]
[www.pocketesim.com/en/blog/esim-in-china-redefining-mobile-connectivity.html]
[cdn.pocketesim.com/content/c951b1c9d186fba7cf8176fb8db4d654.jpg]
[www.pocketesim.com/en/blog/esim-revolution-the-future-of-mobile-connectivity-in-usa.html]
[cdn.pocketesim.com/content/bdf033e2414ab31ea7fd41f5fb2431d1.jpg]
[www.pocketesim.com/en/blog/how-to-find-the-iccid-of-your-esim-iphone-android.html]
[cdn.pocketesim.com/content/c6b733a420f54494403206b597f434c1.jpg]
[www.pocketesim.com/en/blog.html]
[cdn.pocketesim.com/img/how-it-works/ios/01.gif]
[cdn.pocketesim.com/img/how-it-works/ios/02.gif]
[cdn.pocketesim.com/img/how-it-works/ios/03.gif]
[cdn.pocketesim.com/img/how-it-works/ios/04.gif]
[cdn.pocketesim.com/img/how-it-works/ios/05.gif]
[cdn.pocketesim.com/img/how-it-works/ios/06.gif]
[cdn.pocketesim.com/img/how-it-works/ios/07.gif]
[cdn.pocketesim.com/img/how-it-works/ios/08.gif]
[cdn.pocketesim.com/img/how-it-works/ios/09.gif]
[cdn.pocketesim.com/img/how-it-works/ios/10.gif]
[cdn.pocketesim.com/img/how-it-works/ios/11.gif]
[www.pocketesim.com/en/how-it-works.html]
[www.pocketesim.com/en/privacy-cookie-policy.html]
[www.pocketesim.com/en/terms-conditions.html]
[www.pocketesim.com/tr/esim/andorra.html]
[www.pocketesim.com/tr/esim/antigua-and-barbuda.html]
[www.pocketesim.com/tr/esim/anguilla.html]
[www.pocketesim.com/tr/esim/albania.html]
[www.pocketesim.com/tr/esim/armenia.html]
[www.pocketesim.com/tr/esim/argentina.html]
[www.pocketesim.com/tr/esim/australia.html]
[www.pocketesim.com/tr/esim/azerbaijan.html]
[www.pocketesim.com/tr/esim/bosnia-and-herzegovina.html]
[www.pocketesim.com/tr/esim/barbados.html]
[www.pocketesim.com/tr/esim/bangladesh.html]
[www.pocketesim.com/tr/esim/belgium.html]
[www.pocketesim.com/tr/esim/bulgaria.html]
[www.pocketesim.com/tr/esim/bahrain.html]
[www.pocketesim.com/tr/esim/brunei.html]
[www.pocketesim.com/tr/esim/bolivia.html]
[www.pocketesim.com/tr/esim/brazil.html]
[www.pocketesim.com/tr/esim/bahamas.html]
[www.pocketesim.com/tr/esim/botswana.html]
[www.pocketesim.com/tr/esim/belarus.html]
[www.pocketesim.com/tr/esim/canada.html]
[www.pocketesim.com/tr/esim/democratic-republic-of-the-congo.html]
[www.pocketesim.com/tr/esim/chile.html]
[www.pocketesim.com/tr/esim/cameroon.html]
[www.pocketesim.com/tr/esim/colombia.html]
[www.pocketesim.com/tr/esim/costa-rica.html]
[www.pocketesim.com/tr/esim/cape-verde.html]
[www.pocketesim.com/tr/esim/cyprus.html]
[www.pocketesim.com/tr/esim/czech-republic.html]
[www.pocketesim.com/tr/esim/denmark.html]
[www.pocketesim.com/tr/esim/dominica.html]
[www.pocketesim.com/tr/esim/dominican-republic.html]
[www.pocketesim.com/tr/esim/algeria.html]
[www.pocketesim.com/tr/esim/ecuador.html]
[www.pocketesim.com/tr/esim/estonia.html]
[www.pocketesim.com/tr/esim/egypt.html]
[www.pocketesim.com/tr/esim/finland.html]
[www.pocketesim.com/tr/esim/fiji.html]
[www.pocketesim.com/tr/esim/faroe-islands.html]
[www.pocketesim.com/tr/esim/gabon.html]
[www.pocketesim.com/tr/esim/grenada.html]
[www.pocketesim.com/tr/esim/georgia.html]
[www.pocketesim.com/tr/esim/french-guiana.html]
[www.pocketesim.com/tr/esim/guernsey.html]
[www.pocketesim.com/tr/esim/ghana.html]
[www.pocketesim.com/tr/esim/gibraltar.html]
[www.pocketesim.com/tr/esim/greenland.html]
[www.pocketesim.com/tr/esim/guinea.html]
[www.pocketesim.com/tr/esim/guadeloupe.html]
[www.pocketesim.com/tr/esim/guatemala.html]
[www.pocketesim.com/tr/esim/guam.html]
[www.pocketesim.com/tr/esim/guinea-bissau.html]
[www.pocketesim.com/tr/esim/hong-kong.html]
[www.pocketesim.com/tr/esim/honduras.html]
[www.pocketesim.com/tr/esim/croatia.html]
[www.pocketesim.com/tr/esim/hungary.html]
[www.pocketesim.com/tr/esim/indonesia.html]
[www.pocketesim.com/tr/esim/ireland.html]
[www.pocketesim.com/tr/esim/israel.html]
[www.pocketesim.com/tr/esim/isle-of-man.html]
[www.pocketesim.com/tr/esim/india.html]
[www.pocketesim.com/tr/esim/iraq.html]
[www.pocketesim.com/tr/esim/iran.html]
[www.pocketesim.com/tr/esim/iceland.html]
[www.pocketesim.com/tr/esim/jersey.html]
[www.pocketesim.com/tr/esim/jamaica.html]
[www.pocketesim.com/tr/esim/jordan.html]
[www.pocketesim.com/tr/esim/kenya.html]
[www.pocketesim.com/tr/esim/kyrgyzstan.html]
[www.pocketesim.com/tr/esim/cambodia.html]
[www.pocketesim.com/tr/esim/saint-kitts-and-nevis.html]
[www.pocketesim.com/tr/esim/south-korea.html]
[www.pocketesim.com/tr/esim/cayman-islands.html]
[www.pocketesim.com/tr/esim/kazakhstan.html]
[www.pocketesim.com/tr/esim/laos.html]
[www.pocketesim.com/tr/esim/saint-lucia.html]
[www.pocketesim.com/tr/esim/liechtenstein.html]
[www.pocketesim.com/tr/esim/sri-lanka.html]
[www.pocketesim.com/tr/esim/liberia.html]
[www.pocketesim.com/tr/esim/lesotho.html]
[www.pocketesim.com/tr/esim/lithuania.html]
[www.pocketesim.com/tr/esim/luxembourg.html]
[www.pocketesim.com/tr/esim/latvia.html]
[www.pocketesim.com/tr/esim/morocco.html]
[www.pocketesim.com/tr/esim/monaco.html]
[www.pocketesim.com/tr/esim/moldova.html]
[www.pocketesim.com/tr/esim/montenegro.html]
[www.pocketesim.com/tr/esim/madagascar.html]
[www.pocketesim.com/tr/esim/myanmar-burma.html]
[www.pocketesim.com/tr/esim/mongolia.html]
[www.pocketesim.com/tr/esim/macao.html]
[www.pocketesim.com/tr/esim/martinique.html]
[www.pocketesim.com/tr/esim/montserrat.html]
[www.pocketesim.com/tr/esim/malta.html]
[www.pocketesim.com/tr/esim/mauritius.html]
[www.pocketesim.com/tr/esim/malawi.html]
[www.pocketesim.com/tr/esim/malaysia.html]
[www.pocketesim.com/tr/esim/mozambique.html]
[www.pocketesim.com/tr/esim/nigeria.html]
[www.pocketesim.com/tr/esim/nicaragua.html]
[www.pocketesim.com/tr/esim/norway.html]
[www.pocketesim.com/tr/esim/new-zealand.html]
[www.pocketesim.com/tr/esim/oman.html]
[www.pocketesim.com/tr/esim/panama.html]
[www.pocketesim.com/tr/esim/peru.html]
[www.pocketesim.com/tr/esim/papua-new-guinea.html]
[www.pocketesim.com/tr/esim/philippines.html]
[www.pocketesim.com/tr/esim/pakistan.html]
[www.pocketesim.com/tr/esim/poland.html]
[www.pocketesim.com/tr/esim/puerto-rico.html]
[www.pocketesim.com/tr/esim/palestine.html]
[www.pocketesim.com/tr/esim/portugal.html]
[www.pocketesim.com/tr/esim/paraguay.html]
[www.pocketesim.com/tr/esim/reunion.html]
[www.pocketesim.com/tr/esim/romania.html]
[www.pocketesim.com/tr/esim/serbia.html]
[www.pocketesim.com/tr/esim/russia.html]
[www.pocketesim.com/tr/esim/rwanda.html]
[www.pocketesim.com/tr/esim/seychelles.html]
[www.pocketesim.com/tr/esim/sudan.html]
[www.pocketesim.com/tr/esim/sweden.html]
[www.pocketesim.com/tr/esim/slovenia.html]
[www.pocketesim.com/tr/esim/slovakia.html]
[www.pocketesim.com/tr/esim/el-salvador.html]
[www.pocketesim.com/tr/esim/turks-and-caicos-islands.html]
[www.pocketesim.com/tr/esim/chad.html]
[www.pocketesim.com/tr/esim/tajikistan.html]
[www.pocketesim.com/tr/esim/tunisia.html]
[www.pocketesim.com/tr/esim/tonga.html]
[www.pocketesim.com/tr/esim/trinidad-and-tobago.html]
[www.pocketesim.com/tr/esim/taiwan.html]
[www.pocketesim.com/tr/esim/tanzania.html]
[www.pocketesim.com/tr/esim/ukraine.html]
[www.pocketesim.com/tr/esim/uganda.html]
[www.pocketesim.com/tr/esim/uruguay.html]
[www.pocketesim.com/tr/esim/uzbekistan.html]
[www.pocketesim.com/tr/esim/saint-vincent-and-the-grenadines.html]
[www.pocketesim.com/tr/esim/british-virgin-islands.html]
[www.pocketesim.com/tr/esim/vietnam.html]
[www.pocketesim.com/tr/esim/samoa.html]
[www.pocketesim.com/tr/esim/kosovo.html]
[www.pocketesim.com/tr/esim/yemen.html]
[www.pocketesim.com/tr/esim/mayotte.html]
[www.pocketesim.com/tr/esim/south-africa.html]
[www.pocketesim.com/tr/esim/zambia.html]
[www.pocketesim.com/tr/esim.html]
[www.pocketesim.com/tr/esim/north-cyprus.html]
[www.pocketesim.com/tr/esim/asia.html]
[www.pocketesim.com/tr/compatibility.html]
[www.pocketesim.com/tr/esim/europe.html]
[www.pocketesim.com/tr/esim/middle-east.html]
[www.pocketesim.com/tr/esim/oceania.html]
[www.pocketesim.com/tr/esim/vatican-city.html]
[www.pocketesim.com/tr/esim/aruba.html]
[www.pocketesim.com/tr/esim/south-america.html]
[www.pocketesim.com/tr/esim/north-america.html]
[www.pocketesim.com/tr/esim/venezuela.html]
[www.pocketesim.com/tr/esim/aland.html]
[www.pocketesim.com/tr/esim/central-african-republic.html]
[www.pocketesim.com/tr/esim/republic-of-the-congo.html]
[www.pocketesim.com/tr/esim/ivory-coast.html]
[www.pocketesim.com/tr/esim/north-macedonia.html]
[www.pocketesim.com/tr/esim/mali.html]
[www.pocketesim.com/tr/esim/niger.html]
[www.pocketesim.com/tr/esim/senegal.html]
[www.pocketesim.com/tr/esim/eswatini.html]
[www.pocketesim.com/tr/esim/global-one.html]
[www.pocketesim.com/tr/esim/turkey.html]
[www.pocketesim.com/tr/esim/saudi-arabia.html]
[www.pocketesim.com/tr/esim/germany.html]
[www.pocketesim.com/tr/esim/united-arab-emirates.html]
[www.pocketesim.com/tr/esim/france.html]
[www.pocketesim.com/tr/esim/greece.html]
[www.pocketesim.com/tr/esim/united-kingdom.html]
[www.pocketesim.com/tr/esim/italy.html]
[www.pocketesim.com/tr/esim/qatar.html]
[www.pocketesim.com/tr/esim/austria.html]
[www.pocketesim.com/tr/esim/switzerland.html]
[www.pocketesim.com/tr/esim/china.html]
[www.pocketesim.com/tr/esim/spain.html]
[www.pocketesim.com/tr/esim/japan.html]
[www.pocketesim.com/tr/esim/kuwait.html]
[www.pocketesim.com/tr/esim/mexico.html]
[www.pocketesim.com/tr/esim/netherlands.html]
[www.pocketesim.com/tr/esim/singapore.html]
[www.pocketesim.com/tr/esim/thailand.html]
[www.pocketesim.com/tr/esim/united-states.html]
[www.pocketesim.com/tr/partner-with-us.html]
[www.pocketesim.com/tr/about-us.html]
[www.pocketesim.com/tr/esim/french-southern-territories.html]
[www.pocketesim.com/tr/user/password-reset.html]
[www.pocketesim.com/tr/user/login.html]
[www.pocketesim.com/tr/user/signup.html]
[www.pocketesim.com/tr/user/login5095.html]
[www.pocketesim.com/tr/user/password-reset9d7e.html]
[www.pocketesim.com/tr/user/login9d7e.html]
[www.pocketesim.com/tr/user/signup9d7e.html]
[www.pocketesim.com/tr/user/login357c.html]
[www.pocketesim.com/tr/user/password-reset56ff.html]
[www.pocketesim.com/tr/user/login56ff.html]
[www.pocketesim.com/tr/user/signup56ff.html]
[www.pocketesim.com/tr/user/login5c58.html]
[www.pocketesim.com/tr/user/password-reset91cd.html]
[www.pocketesim.com/tr/user/login91cd.html]
[www.pocketesim.com/tr/user/signup91cd.html]
[www.pocketesim.com/tr/user/login89bf.html]
[www.pocketesim.com/tr/user/password-reset9a44.html]
[www.pocketesim.com/tr/user/login9a44.html]
[www.pocketesim.com/tr/contact-us.html]
[www.pocketesim.com/tr/faq.html]
[www.pocketesim.com/tr/user/signup9a44.html]
[www.pocketesim.com/tr/blog/yunanistanda-sorunsuz-bir-seyahat-icin-esim-rehberi-baglantida-kalmanin-en-kolay-yolu.html]
[cdn.pocketesim.com/content/ea89e0dda9a24a20f1180221c578c253.jpg]
[www.pocketesim.com/tr/blog/italyada-esim-kullanarak-baglantida-kalmanin-rehberi-kolaylik-uygun-fiyat-ve-rahatlik.html]
[cdn.pocketesim.com/content/8c44a79cd0335b10f72b94824037f052.jpg]
[www.pocketesim.com/tr/blog/kuzey-kibrista-esim-kullanarak-sorunsuz-baglanti-seyahatinizi-kolaylastirin.html]
[cdn.pocketesim.com/content/201a178c4379aedc73c57470c8b5b4d4.jpg]
[www.pocketesim.com/tr/blog/monako-ve-esim-rehberi.html]
[cdn.pocketesim.com/content/1067cf8536fc3ad487f663a6b10a2ecd.jpg]
[www.pocketesim.com/tr/blog/euro-2024-esim-rahatligi.html]
[cdn.pocketesim.com/content/a7ab7f910c5b70f31a0a3b23612cf39c.jpg]
[www.pocketesim.com/tr/blog/hac-ziyaretini-yapmak-isteyenler-icin-esim-kullanimi.html]
[cdn.pocketesim.com/content/e931e738b6fd7993838064299054ed8f.jpg]
[www.pocketesim.com/tr/blog/cinde-esim-mobil-baglantinin-yeniden-tanimlanmasi.html]
[cdn.pocketesim.com/content/f3f2650575eddbeca546887537cd5537.jpg]
[www.pocketesim.com/tr/blog/sim-hesaplari-turleri-yerel-sim-uluslararasi-sim-e-sim.html]
[cdn.pocketesim.com/content/fc7ed6d8b5a5d6a6dedb9a933ce4a1f1.jpg]
[www.pocketesim.com/tr/blog/gezginler-icin-e-sim.html]
[cdn.pocketesim.com/content/650ff0d92c767c4301bc11c771f20732.jpg]
[www.pocketesim.com/tr/blog/e-sim-avantajlari.html]
[cdn.pocketesim.com/content/22be690d6a30ba2c749d5ab1f1b518f9.jpg]
[www.pocketesim.com/tr/blog/avrupada-e-sim-devrimi.html]
[cdn.pocketesim.com/content/090336d1574d2db1f36e7f95f60c868d.jpg]
[www.pocketesim.com/tr/blog/esim-ile-birden-fazla-numara-kullanma-nasil-yapilir.html]
[cdn.pocketesim.com/content/66c382fe5b37b6fbfa9a7a2f21d30be4.jpg]
[www.pocketesim.com/tr/blog/esim-devrimi-amerikada-mobil-baglantinin-gelecegi.html]
[cdn.pocketesim.com/content/86ef54c0f43a4302d3ab0a1277d03e87.jpg]
[www.pocketesim.com/tr/blog/esim-alirken-dikkat-edilmesi-gerekenler.html]
[cdn.pocketesim.com/content/528d7b5a9a98853d6e2c9240e3488733.jpg]
[www.pocketesim.com/tr/blog/esim-bireysel-ve-kurumsal-farklar-nelerdir.html]
[cdn.pocketesim.com/content/38010ceafd605f1b199ff7f8f9e67078.jpg]
[www.pocketesim.com/tr/blog/gezginler-neden-e-sim-kullanmali.html]
[cdn.pocketesim.com/content/274aab4e2bd368d9fe9ac63bb4aabcd1.jpg]
[www.pocketesim.com/tr/blog/dunya-genelinde-e-sim-uyumlulugu.html]
[cdn.pocketesim.com/content/d3843fec5141690aa85765a30605f948.jpg]
[www.pocketesim.com/tr/blog/bolgesel-e-sim-ve-ulke-e-sim-farklari-nelerdir.html]
[cdn.pocketesim.com/content/46865f3e78be8ee779720973ce1e98f8.jpg]
[www.pocketesim.com/tr/blog/akilli-telefonlarda-esim-destegi-nasil-etkinlestirilir.html]
[cdn.pocketesim.com/content/21d497a9849d8ac57fcdb2d6d7c7b68f.jpg]
[www.pocketesim.com/tr/blog.html]
[www.pocketesim.com/tr/how-it-works.html]
[www.pocketesim.com/tr/privacy-cookie-policy.html]
[www.pocketesim.com/tr/terms-conditions.html]
[www.pocketesim.com/img/logo-icon.svg]
[www.pocketesim.com/img/icons/payment-checkbox.svg]
[www.pocketesim.com/fonts/icomoon7d65.svg]
[www.pocketesim.com/img/icons/close.svg]
[www.pocketesim.com/img/icons/check.svg]
[www.pocketesim.com/schema.org/index.html]
[www.pocketesim.com/index.html]
[www.pocketesim.com/signals/iwl.html]
[www.pocketesim.com/img/icons/home.svg]
[www.pocketesim.com/img/icons/right-arrow-breadcrumb.svg]
[cdn.pocketesim.com/img/product-detail/ad-detail.bg.png]
[cdn.pocketesim.com/img/product-detail/ad-card.png]
[www.pocketesim.com/en/esim/andorra.html]
[cdn.pocketesim.com/img/product-detail/ag-detail.bg.png]
[cdn.pocketesim.com/img/product-detail/ag-card.png]
[www.pocketesim.com/en/esim/antigua-and-barbuda.html]
[cdn.pocketesim.com/img/product-detail/ai-detail.bg.png]
[cdn.pocketesim.com/img/product-detail/ai-card.png]
[www.pocketesim.com/en/esim/anguilla.html]
[cdn.pocketesim.com/img/product-detail/al-detail.bg.png]
[cdn.pocketesim.com/img/product-detail/al-card.png]
[www.pocketesim.com/en/esim/albania.html]
[cdn.pocketesim.com/img/product-detail/am-detail.bg.png]
[cdn.pocketesim.com/img/product-detail/am-card.png]
[www.pocketesim.com/en/esim/armenia.html]
[cdn.pocketesim.com/img/product-detail/ar-detail.bg.png]
[cdn.pocketesim.com/img/product-detail/ar-card.png]
[www.pocketesim.com/en/esim/argentina.html]
[cdn.pocketesim.com/img/product-detail/au-detail.bg.png]
[cdn.pocketesim.com/img/product-detail/au-card.png]
[www.pocketesim.com/en/esim/australia.html]
[cdn.pocketesim.com/img/product-detail/az-detail.bg.png]
[cdn.pocketesim.com/img/product-detail/az-card.png]
[www.pocketesim.com/en/esim/azerbaijan.html]
[cdn.pocketesim.com/img/product-detail/ba-detail.bg.png]
[cdn.pocketesim.com/img/product-detail/ba-card.png]
[www.pocketesim.com/en/esim/bosnia-and-herzegovina.html]
[cdn.pocketesim.com/img/product-detail/bb-detail.bg.png]
[cdn.pocketesim.com/img/product-detail/bb-card.png]
[www.pocketesim.com/en/esim/barbados.html]
[cdn.pocketesim.com/img/product-detail/bd-detail.bg.png]
[cdn.pocketesim.com/img/product-detail/bd-card.png]
[www.pocketesim.com/en/esim/bangladesh.html]
[cdn.pocketesim.com/img/product-detail/be-detail.bg.png]
[cdn.pocketesim.com/img/product-detail/be-card.png]
[www.pocketesim.com/en/esim/belgium.html]
[cdn.pocketesim.com/img/product-detail/bg-detail.bg.png]
[cdn.pocketesim.com/img/product-detail/bg-card.png]
[www.pocketesim.com/en/esim/bulgaria.html]
[cdn.pocketesim.com/img/product-detail/bh-detail.bg.png]
[cdn.pocketesim.com/img/product-detail/bh-card.png]
[www.pocketesim.com/en/esim/bahrain.html]
[cdn.pocketesim.com/img/product-detail/bn-detail.bg.png]
[cdn.pocketesim.com/img/product-detail/bn-card.png]
[www.pocketesim.com/en/esim/brunei.html]
[cdn.pocketesim.com/img/product-detail/bo-detail.bg.png]
[cdn.pocketesim.com/img/product-detail/bo-card.png]
[www.pocketesim.com/en/esim/bolivia.html]
[cdn.pocketesim.com/img/product-detail/br-detail.bg.png]
[cdn.pocketesim.com/img/product-detail/br-card.png]
[www.pocketesim.com/en/esim/brazil.html]
[cdn.pocketesim.com/img/product-detail/bs-detail.bg.png]
[cdn.pocketesim.com/img/product-detail/bs-card.png]
[www.pocketesim.com/en/esim/bahamas.html]
[cdn.pocketesim.com/img/product-detail/bw-detail.bg.png]
[cdn.pocketesim.com/img/product-detail/bw-card.png]
[www.pocketesim.com/en/esim/botswana.html]
[cdn.pocketesim.com/img/product-detail/by-detail.bg.png]
[cdn.pocketesim.com/img/product-detail/by-card.png]
[www.pocketesim.com/en/esim/belarus.html]
[cdn.pocketesim.com/img/product-detail/ca-detail.bg.png]
[cdn.pocketesim.com/img/product-detail/ca-card.png]
[www.pocketesim.com/en/esim/canada.html]
[cdn.pocketesim.com/img/product-detail/cd-detail.bg.png]
[cdn.pocketesim.com/img/product-detail/cd-card.png]
[www.pocketesim.com/en/esim/democratic-republic-of-the-congo.html]
[cdn.pocketesim.com/img/product-detail/cl-detail.bg.png]
[cdn.pocketesim.com/img/product-detail/cl-card.png]
[www.pocketesim.com/en/esim/chile.html]
[cdn.pocketesim.com/img/product-detail/cm-detail.bg.png]
[cdn.pocketesim.com/img/product-detail/cm-card.png]
[www.pocketesim.com/en/esim/cameroon.html]
[cdn.pocketesim.com/img/product-detail/co-detail.bg.png]
[cdn.pocketesim.com/img/product-detail/co-card.png]
[www.pocketesim.com/en/esim/colombia.html]
[cdn.pocketesim.com/img/product-detail/cr-detail.bg.png]
[cdn.pocketesim.com/img/product-detail/cr-card.png]
[www.pocketesim.com/en/esim/costa-rica.html]
[cdn.pocketesim.com/img/product-detail/cv-detail.bg.png]
[cdn.pocketesim.com/img/product-detail/cv-card.png]
[www.pocketesim.com/en/esim/cape-verde.html]
[cdn.pocketesim.com/img/product-detail/cy-detail.bg.png]
[cdn.pocketesim.com/img/product-detail/cy-card.png]
[www.pocketesim.com/en/esim/cyprus.html]
[cdn.pocketesim.com/img/product-detail/cz-detail.bg.png]
[cdn.pocketesim.com/img/product-detail/cz-card.png]
[www.pocketesim.com/en/esim/czech-republic.html]
[cdn.pocketesim.com/img/product-detail/dk-detail.bg.png]
[cdn.pocketesim.com/img/product-detail/dk-card.png]
[www.pocketesim.com/en/esim/denmark.html]
[cdn.pocketesim.com/img/product-detail/dm-detail.bg.png]
[cdn.pocketesim.com/img/product-detail/dm-card.png]
[www.pocketesim.com/en/esim/dominica.html]
[cdn.pocketesim.com/img/product-detail/do-detail.bg.png]
[cdn.pocketesim.com/img/product-detail/do-card.png]
[www.pocketesim.com/en/esim/dominican-republic.html]
[cdn.pocketesim.com/img/product-detail/dz-detail.bg.png]
[cdn.pocketesim.com/img/product-detail/dz-card.png]
[www.pocketesim.com/en/esim/algeria.html]
[cdn.pocketesim.com/img/product-detail/ec-detail.bg.png]
[cdn.pocketesim.com/img/product-detail/ec-card.png]
[www.pocketesim.com/en/esim/ecuador.html]
[cdn.pocketesim.com/img/product-detail/ee-detail.bg.png]
[cdn.pocketesim.com/img/product-detail/ee-card.png]
[www.pocketesim.com/en/esim/estonia.html]
[cdn.pocketesim.com/img/product-detail/eg-detail.bg.png]
[cdn.pocketesim.com/img/product-detail/eg-card.png]
[www.pocketesim.com/en/esim/egypt.html]
[cdn.pocketesim.com/img/product-detail/fi-detail.bg.png]
[cdn.pocketesim.com/img/product-detail/fi-card.png]
[www.pocketesim.com/en/esim/finland.html]
[cdn.pocketesim.com/img/product-detail/fj-detail.bg.png]
[cdn.pocketesim.com/img/product-detail/fj-card.png]
[www.pocketesim.com/en/esim/fiji.html]
[cdn.pocketesim.com/img/product-detail/fo-detail.bg.png]
[cdn.pocketesim.com/img/product-detail/fo-card.png]
[www.pocketesim.com/en/esim/faroe-islands.html]
[cdn.pocketesim.com/img/product-detail/ga-detail.bg.png]
[cdn.pocketesim.com/img/product-detail/ga-card.png]
[www.pocketesim.com/en/esim/gabon.html]
[cdn.pocketesim.com/img/product-detail/gd-detail.bg.png]
[cdn.pocketesim.com/img/product-detail/gd-card.png]
[www.pocketesim.com/en/esim/grenada.html]
[cdn.pocketesim.com/img/product-detail/ge-detail.bg.png]
[cdn.pocketesim.com/img/product-detail/ge-card.png]
[www.pocketesim.com/en/esim/georgia.html]
[cdn.pocketesim.com/img/product-detail/gf-detail.bg.png]
[cdn.pocketesim.com/img/product-detail/gf-card.png]
[www.pocketesim.com/en/esim/french-guiana.html]
[cdn.pocketesim.com/img/product-detail/gg-detail.bg.png]
[cdn.pocketesim.com/img/product-detail/gg-card.png]
[www.pocketesim.com/en/esim/guernsey.html]
[cdn.pocketesim.com/img/product-detail/gh-detail.bg.png]
[cdn.pocketesim.com/img/product-detail/gh-card.png]
[www.pocketesim.com/en/esim/ghana.html]
[cdn.pocketesim.com/img/product-detail/gi-detail.bg.png]
[cdn.pocketesim.com/img/product-detail/gi-card.png]
[www.pocketesim.com/en/esim/gibraltar.html]
[cdn.pocketesim.com/img/product-detail/gl-detail.bg.png]
[cdn.pocketesim.com/img/product-detail/gl-card.png]
[www.pocketesim.com/en/esim/greenland.html]
[cdn.pocketesim.com/img/product-detail/gn-detail.bg.png]
[cdn.pocketesim.com/img/product-detail/gn-card.png]
[www.pocketesim.com/en/esim/guinea.html]
[cdn.pocketesim.com/img/product-detail/gp-detail.bg.3d5.delayed]
[cdn.pocketesim.com/img/product-detail/gp-card.png]
[www.pocketesim.com/en/esim/guadeloupe.html]
[cdn.pocketesim.com/img/product-detail/gt-detail.bg.png]
[cdn.pocketesim.com/img/product-detail/gt-card.png]
[www.pocketesim.com/en/esim/guatemala.html]
[cdn.pocketesim.com/img/product-detail/gu-detail.bg.png]
[cdn.pocketesim.com/img/product-detail/gu-card.png]
[www.pocketesim.com/en/esim/guam.html]
[cdn.pocketesim.com/img/product-detail/gw-detail.bg.png]
[cdn.pocketesim.com/img/product-detail/gw-card.png]
[www.pocketesim.com/en/esim/guinea-bissau.html]
[cdn.pocketesim.com/img/product-detail/hk-detail.bg.png]
[cdn.pocketesim.com/img/product-detail/hk-card.png]
[www.pocketesim.com/en/esim/hong-kong.html]
[cdn.pocketesim.com/img/product-detail/hn-detail.bg.png]
[cdn.pocketesim.com/img/product-detail/hn-card.png]
[www.pocketesim.com/en/esim/honduras.html]
[cdn.pocketesim.com/img/product-detail/hr-detail.bg.png]
[cdn.pocketesim.com/img/product-detail/hr-card.png]
[www.pocketesim.com/en/esim/croatia.html]
[cdn.pocketesim.com/img/product-detail/hu-detail.bg.png]
[cdn.pocketesim.com/img/product-detail/hu-card.png]
[www.pocketesim.com/en/esim/hungary.html]
[cdn.pocketesim.com/img/product-detail/id-detail.bg.png]
[cdn.pocketesim.com/img/product-detail/id-card.png]
[www.pocketesim.com/en/esim/indonesia.html]
[cdn.pocketesim.com/img/product-detail/ie-detail.bg.png]
[cdn.pocketesim.com/img/product-detail/ie-card.png]
[www.pocketesim.com/en/esim/ireland.html]
[cdn.pocketesim.com/img/product-detail/il-detail.bg.png]
[cdn.pocketesim.com/img/product-detail/il-card.png]
[www.pocketesim.com/en/esim/israel.html]
[cdn.pocketesim.com/img/product-detail/im-detail.bg.png]
[cdn.pocketesim.com/img/product-detail/im-card.png]
[www.pocketesim.com/en/esim/isle-of-man.html]
[cdn.pocketesim.com/img/product-detail/in-detail.bg.png]
[cdn.pocketesim.com/img/product-detail/in-card.png]
[www.pocketesim.com/en/esim/india.html]
[cdn.pocketesim.com/img/product-detail/iq-detail.bg.png]
[cdn.pocketesim.com/img/product-detail/iq-card.png]
[www.pocketesim.com/en/esim/iraq.html]
[cdn.pocketesim.com/img/product-detail/ir-detail.bg.png]
[cdn.pocketesim.com/img/product-detail/ir-card.png]
[www.pocketesim.com/en/esim/iran.html]
[cdn.pocketesim.com/img/product-detail/is-detail.bg.png]
[cdn.pocketesim.com/img/product-detail/is-card.png]
[www.pocketesim.com/en/esim/iceland.html]
[cdn.pocketesim.com/img/product-detail/je-detail.bg.png]
[cdn.pocketesim.com/img/product-detail/je-card.png]
[www.pocketesim.com/en/esim/jersey.html]
[cdn.pocketesim.com/img/product-detail/jm-detail.bg.png]
[cdn.pocketesim.com/img/product-detail/jm-card.png]
[www.pocketesim.com/en/esim/jamaica.html]
[cdn.pocketesim.com/img/product-detail/jo-detail.bg.png]
[cdn.pocketesim.com/img/product-detail/jo-card.png]
[www.pocketesim.com/en/esim/jordan.html]
[cdn.pocketesim.com/img/product-detail/ke-detail.bg.png]
[cdn.pocketesim.com/img/product-detail/ke-card.png]
[www.pocketesim.com/en/esim/kenya.html]
[cdn.pocketesim.com/img/product-detail/kg-detail.bg.png]
[cdn.pocketesim.com/img/product-detail/kg-card.png]
[www.pocketesim.com/en/esim/kyrgyzstan.html]
[cdn.pocketesim.com/img/product-detail/kh-detail.bg.png]
[cdn.pocketesim.com/img/product-detail/kh-card.png]
[www.pocketesim.com/en/esim/cambodia.html]
[cdn.pocketesim.com/img/product-detail/kn-detail.bg.png]
[cdn.pocketesim.com/img/product-detail/kn-card.png]
[www.pocketesim.com/en/esim/saint-kitts-and-nevis.html]
[cdn.pocketesim.com/img/product-detail/kr-detail.bg.png]
[cdn.pocketesim.com/img/product-detail/kr-card.png]
[www.pocketesim.com/en/esim/south-korea.html]
[cdn.pocketesim.com/img/product-detail/ky-detail.bg.png]
[cdn.pocketesim.com/img/product-detail/ky-card.png]
[www.pocketesim.com/en/esim/cayman-islands.html]
[cdn.pocketesim.com/img/product-detail/kz-detail.bg.png]
[cdn.pocketesim.com/img/product-detail/kz-card.png]
[www.pocketesim.com/en/esim/kazakhstan.html]
[cdn.pocketesim.com/img/product-detail/la-detail.bg.png]
[cdn.pocketesim.com/img/product-detail/la-card.png]
[www.pocketesim.com/en/esim/laos.html]
[cdn.pocketesim.com/img/product-detail/lc-detail.bg.png]
[cdn.pocketesim.com/img/product-detail/lc-card.png]
[www.pocketesim.com/en/esim/saint-lucia.html]
[cdn.pocketesim.com/img/product-detail/li-detail.bg.png]
[cdn.pocketesim.com/img/product-detail/li-card.png]
[www.pocketesim.com/en/esim/liechtenstein.html]
[cdn.pocketesim.com/img/product-detail/lk-detail.bg.png]
[cdn.pocketesim.com/img/product-detail/lk-card.png]
[www.pocketesim.com/en/esim/sri-lanka.html]
[cdn.pocketesim.com/img/product-detail/lr-detail.bg.png]
[cdn.pocketesim.com/img/product-detail/lr-card.png]
[www.pocketesim.com/en/esim/liberia.html]
[cdn.pocketesim.com/img/product-detail/ls-detail.bg.png]
[cdn.pocketesim.com/img/product-detail/ls-card.png]
[www.pocketesim.com/en/esim/lesotho.html]
[cdn.pocketesim.com/img/product-detail/lt-detail.bg.png]
[cdn.pocketesim.com/img/product-detail/lt-card.png]
[www.pocketesim.com/en/esim/lithuania.html]
[cdn.pocketesim.com/img/product-detail/lu-detail.bg.png]
[cdn.pocketesim.com/img/product-detail/lu-card.png]
[www.pocketesim.com/en/esim/luxembourg.html]
[cdn.pocketesim.com/img/product-detail/lv-detail.bg.png]
[cdn.pocketesim.com/img/product-detail/lv-card.png]
[www.pocketesim.com/en/esim/latvia.html]
[cdn.pocketesim.com/img/product-detail/ma-detail.bg.png]
[cdn.pocketesim.com/img/product-detail/ma-card.png]
[www.pocketesim.com/en/esim/morocco.html]
[cdn.pocketesim.com/img/product-detail/mc-detail.bg.png]
[cdn.pocketesim.com/img/product-detail/mc-card.png]
[www.pocketesim.com/en/esim/monaco.html]
[cdn.pocketesim.com/img/product-detail/md-detail.bg.png]
[cdn.pocketesim.com/img/product-detail/md-card.png]
[www.pocketesim.com/en/esim/moldova.html]
[cdn.pocketesim.com/img/product-detail/me-detail.bg.png]
[cdn.pocketesim.com/img/product-detail/me-card.png]
[www.pocketesim.com/en/esim/montenegro.html]
[cdn.pocketesim.com/img/product-detail/mg-detail.bg.png]
[cdn.pocketesim.com/img/product-detail/mg-card.png]
[www.pocketesim.com/en/esim/madagascar.html]
[cdn.pocketesim.com/img/product-detail/mm-detail.bg.png]
[cdn.pocketesim.com/img/product-detail/mm-card.png]
[www.pocketesim.com/en/esim/myanmar-burma.html]
[cdn.pocketesim.com/img/product-detail/mn-detail.bg.png]
[cdn.pocketesim.com/img/product-detail/mn-card.png]
[www.pocketesim.com/en/esim/mongolia.html]
[cdn.pocketesim.com/img/product-detail/mo-detail.bg.png]
[cdn.pocketesim.com/img/product-detail/mo-card.png]
[www.pocketesim.com/en/esim/macao.html]
[cdn.pocketesim.com/img/product-detail/mq-detail.bg.png]
[cdn.pocketesim.com/img/product-detail/mq-card.png]
[www.pocketesim.com/en/esim/martinique.html]
[cdn.pocketesim.com/img/product-detail/ms-detail.bg.png]
[cdn.pocketesim.com/img/product-detail/ms-card.png]
[www.pocketesim.com/en/esim/montserrat.html]
[cdn.pocketesim.com/img/product-detail/mt-detail.bg.png]
[cdn.pocketesim.com/img/product-detail/mt-card.png]
[www.pocketesim.com/en/esim/malta.html]
[cdn.pocketesim.com/img/product-detail/mu-detail.bg.png]
[cdn.pocketesim.com/img/product-detail/mu-card.png]
[www.pocketesim.com/en/esim/mauritius.html]
[cdn.pocketesim.com/img/product-detail/mw-detail.bg.png]
[cdn.pocketesim.com/img/product-detail/mw-card.png]
[www.pocketesim.com/en/esim/malawi.html]
[cdn.pocketesim.com/img/product-detail/my-detail.bg.png]
[cdn.pocketesim.com/img/product-detail/my-card.png]
[www.pocketesim.com/en/esim/malaysia.html]
[cdn.pocketesim.com/img/product-detail/mz-detail.bg.png]
[cdn.pocketesim.com/img/product-detail/mz-card.png]
[www.pocketesim.com/en/esim/mozambique.html]
[cdn.pocketesim.com/img/product-detail/ng-detail.bg.46b.delayed]
[cdn.pocketesim.com/img/product-detail/ng-card.png]
[www.pocketesim.com/en/esim/nigeria.html]
[cdn.pocketesim.com/img/product-detail/ni-detail.bg.png]
[cdn.pocketesim.com/img/product-detail/ni-card.png]
[www.pocketesim.com/en/esim/nicaragua.html]
[cdn.pocketesim.com/img/product-detail/no-detail.bg.png]
[cdn.pocketesim.com/img/product-detail/no-card.png]
[www.pocketesim.com/en/esim/norway.html]
[cdn.pocketesim.com/img/product-detail/nz-detail.bg.png]
[cdn.pocketesim.com/img/product-detail/nz-card.png]
[www.pocketesim.com/en/esim/new-zealand.html]
[cdn.pocketesim.com/img/product-detail/om-detail.bg.png]
[cdn.pocketesim.com/img/product-detail/om-card.png]
[www.pocketesim.com/en/esim/oman.html]
[cdn.pocketesim.com/img/product-detail/pa-detail.bg.png]
[cdn.pocketesim.com/img/product-detail/pa-card.png]
[www.pocketesim.com/en/esim/panama.html]
[cdn.pocketesim.com/img/product-detail/pe-detail.bg.png]
[cdn.pocketesim.com/img/product-detail/pe-card.png]
[www.pocketesim.com/en/esim/peru.html]
[cdn.pocketesim.com/img/product-detail/pg-detail.bg.png]
[cdn.pocketesim.com/img/product-detail/pg-card.png]
[www.pocketesim.com/en/esim/papua-new-guinea.html]
[cdn.pocketesim.com/img/product-detail/ph-detail.bg.png]
[cdn.pocketesim.com/img/product-detail/ph-card.png]
[www.pocketesim.com/en/esim/philippines.html]
[cdn.pocketesim.com/img/product-detail/pk-detail.bg.png]
[cdn.pocketesim.com/img/product-detail/pk-card.png]
[www.pocketesim.com/en/esim/pakistan.html]
[cdn.pocketesim.com/img/product-detail/pl-detail.bg.png]
[cdn.pocketesim.com/img/product-detail/pl-card.png]
[www.pocketesim.com/en/esim/poland.html]
[cdn.pocketesim.com/img/product-detail/pr-detail.bg.png]
[cdn.pocketesim.com/img/product-detail/pr-card.png]
[www.pocketesim.com/en/esim/puerto-rico.html]
[cdn.pocketesim.com/img/product-detail/ps-detail.bg.png]
[cdn.pocketesim.com/img/product-detail/ps-card.png]
[www.pocketesim.com/en/esim/palestine.html]
[cdn.pocketesim.com/img/product-detail/pt-detail.bg.png]
[cdn.pocketesim.com/img/product-detail/pt-card.png]
[www.pocketesim.com/en/esim/portugal.html]
[cdn.pocketesim.com/img/product-detail/py-detail.bg.png]
[cdn.pocketesim.com/img/product-detail/py-card.png]
[www.pocketesim.com/en/esim/paraguay.html]
[cdn.pocketesim.com/img/product-detail/re-detail.bg.png]
[cdn.pocketesim.com/img/product-detail/re-card.png]
[www.pocketesim.com/en/esim/reunion.html]
[cdn.pocketesim.com/img/product-detail/ro-detail.bg.png]
[cdn.pocketesim.com/img/product-detail/ro-card.png]
[www.pocketesim.com/en/esim/romania.html]
[cdn.pocketesim.com/img/product-detail/rs-detail.bg.png]
[cdn.pocketesim.com/img/product-detail/rs-card.png]
[www.pocketesim.com/en/esim/serbia.html]
[cdn.pocketesim.com/img/product-detail/ru-detail.bg.png]
[cdn.pocketesim.com/img/product-detail/ru-card.png]
[www.pocketesim.com/en/esim/russia.html]
[cdn.pocketesim.com/img/product-detail/rw-detail.bg.png]
[cdn.pocketesim.com/img/product-detail/rw-card.png]
[www.pocketesim.com/en/esim/rwanda.html]
[cdn.pocketesim.com/img/product-detail/sc-detail.bg.png]
[cdn.pocketesim.com/img/product-detail/sc-card.png]
[www.pocketesim.com/en/esim/seychelles.html]
[cdn.pocketesim.com/img/product-detail/sd-detail.bg.png]
[cdn.pocketesim.com/img/product-detail/sd-card.png]
[www.pocketesim.com/en/esim/sudan.html]
[cdn.pocketesim.com/img/product-detail/se-detail.bg.png]
[cdn.pocketesim.com/img/product-detail/se-card.png]
[www.pocketesim.com/en/esim/sweden.html]
[cdn.pocketesim.com/img/product-detail/si-detail.bg.png]
[cdn.pocketesim.com/img/product-detail/si-card.png]
[www.pocketesim.com/en/esim/slovenia.html]
[cdn.pocketesim.com/img/product-detail/sk-detail.bg.png]
[cdn.pocketesim.com/img/product-detail/sk-card.png]
[www.pocketesim.com/en/esim/slovakia.html]
[cdn.pocketesim.com/img/product-detail/sv-detail.bg.png]
[cdn.pocketesim.com/img/product-detail/sv-card.png]
[www.pocketesim.com/en/esim/el-salvador.html]
[cdn.pocketesim.com/img/product-detail/tc-detail.bg.png]
[cdn.pocketesim.com/img/product-detail/tc-card.png]
[www.pocketesim.com/en/esim/turks-and-caicos-islands.html]
[cdn.pocketesim.com/img/product-detail/td-detail.bg.png]
[cdn.pocketesim.com/img/product-detail/td-card.png]
[www.pocketesim.com/en/esim/chad.html]
[cdn.pocketesim.com/img/product-detail/tj-detail.bg.png]
[cdn.pocketesim.com/img/product-detail/tj-card.png]
[www.pocketesim.com/en/esim/tajikistan.html]
[cdn.pocketesim.com/img/product-detail/tn-detail.bg.png]
[cdn.pocketesim.com/img/product-detail/tn-card.png]
[www.pocketesim.com/en/esim/tunisia.html]
[cdn.pocketesim.com/img/product-detail/to-detail.bg.png]
[cdn.pocketesim.com/img/product-detail/to-card.png]
[www.pocketesim.com/en/esim/tonga.html]
[cdn.pocketesim.com/img/product-detail/tt-detail.bg.png]
[cdn.pocketesim.com/img/product-detail/tt-card.png]
[www.pocketesim.com/en/esim/trinidad-and-tobago.html]
[cdn.pocketesim.com/img/product-detail/tw-detail.bg.png]
[cdn.pocketesim.com/img/product-detail/tw-card.png]
[www.pocketesim.com/en/esim/taiwan.html]
[cdn.pocketesim.com/img/product-detail/tz-detail.bg.png]
[cdn.pocketesim.com/img/product-detail/tz-card.png]
[www.pocketesim.com/en/esim/tanzania.html]
[cdn.pocketesim.com/img/product-detail/ua-detail.bg.png]
[cdn.pocketesim.com/img/product-detail/ua-card.png]
[www.pocketesim.com/en/esim/ukraine.html]
[cdn.pocketesim.com/img/product-detail/ug-detail.bg.png]
[cdn.pocketesim.com/img/product-detail/ug-card.png]
[www.pocketesim.com/en/esim/uganda.html]
[cdn.pocketesim.com/img/product-detail/uy-detail.bg.png]
[cdn.pocketesim.com/img/product-detail/uy-card.png]
[www.pocketesim.com/en/esim/uruguay.html]
[cdn.pocketesim.com/img/product-detail/uz-detail.bg.png]
[cdn.pocketesim.com/img/product-detail/uz-card.png]
[www.pocketesim.com/en/esim/uzbekistan.html]
[cdn.pocketesim.com/img/product-detail/vc-detail.bg.png]
[cdn.pocketesim.com/img/product-detail/vc-card.png]
[www.pocketesim.com/en/esim/saint-vincent-and-the-grenadines.html]
[cdn.pocketesim.com/img/product-detail/vg-detail.bg.png]
[cdn.pocketesim.com/img/product-detail/vg-card.png]
[www.pocketesim.com/en/esim/british-virgin-islands.html]
[cdn.pocketesim.com/img/product-detail/vn-detail.bg.png]
[cdn.pocketesim.com/img/product-detail/vn-card.png]
[www.pocketesim.com/en/esim/vietnam.html]
[cdn.pocketesim.com/img/product-detail/ws-detail.bg.png]
[cdn.pocketesim.com/img/product-detail/ws-card.png]
[www.pocketesim.com/en/esim/samoa.html]
[cdn.pocketesim.com/img/product-detail/xk-detail.bg.png]
[cdn.pocketesim.com/img/product-detail/xk-card.png]
[www.pocketesim.com/en/esim/kosovo.html]
[cdn.pocketesim.com/img/product-detail/ye-detail.bg.png]
[cdn.pocketesim.com/img/product-detail/ye-card.png]
[www.pocketesim.com/en/esim/yemen.html]
[cdn.pocketesim.com/img/product-detail/yt-detail.bg.png]
[cdn.pocketesim.com/img/product-detail/yt-card.png]
[www.pocketesim.com/en/esim/mayotte.html]
[cdn.pocketesim.com/img/product-detail/za-detail.bg.png]
[cdn.pocketesim.com/img/product-detail/za-card.png]
[www.pocketesim.com/en/esim/south-africa.html]
[cdn.pocketesim.com/img/product-detail/zm-detail.bg.png]
[cdn.pocketesim.com/img/product-detail/zm-card.png]
[www.pocketesim.com/en/esim/zambia.html]
[cdn.pocketesim.com/img/product-detail/cyn-detail.bg.png]
[cdn.pocketesim.com/img/product-detail/cyn-card.png]
[www.pocketesim.com/en/esim/north-cyprus.html]
[www.pocketesim.com/img/icons/flags/fr.svg]
[www.pocketesim.com/img/icons/flags/de.svg]
[www.pocketesim.com/en/compatibility.html]
[cdn.pocketesim.com/img/product-detail/va-detail.bg.png]
[cdn.pocketesim.com/img/product-detail/va-card.png]
[www.pocketesim.com/en/esim/vatican-city.html]
[cdn.pocketesim.com/img/product-detail/emd-detail.bg.html]
[cdn.pocketesim.com/img/product-detail/emd-card.html]
[cdn.pocketesim.com/img/product-detail/oce-detail.bg.html]
[cdn.pocketesim.com/img/product-detail/aw-detail.bg.png]
[cdn.pocketesim.com/img/product-detail/aw-card.png]
[www.pocketesim.com/en/esim/aruba.html]
[cdn.pocketesim.com/img/product-detail/ve-detail.bg.502.delayed]
[cdn.pocketesim.com/img/product-detail/ve-card.png]
[www.pocketesim.com/en/esim/venezuela.html]
[cdn.pocketesim.com/img/product-detail/ax-detail.bg.png]
[cdn.pocketesim.com/img/product-detail/ax-card.png]
[www.pocketesim.com/en/esim/aland.html]
[cdn.pocketesim.com/img/product-detail/cf-detail.bg.png]
[cdn.pocketesim.com/img/product-detail/cf-card.png]
[www.pocketesim.com/en/esim/central-african-republic.html]
[cdn.pocketesim.com/img/product-detail/cg-detail.bg.png]
[cdn.pocketesim.com/img/product-detail/cg-card.png]
[www.pocketesim.com/en/esim/republic-of-the-congo.html]
[cdn.pocketesim.com/img/product-detail/ci-detail.bg.png]
[cdn.pocketesim.com/img/product-detail/ci-card.png]
[www.pocketesim.com/en/esim/ivory-coast.html]
[cdn.pocketesim.com/img/product-detail/mk-detail.bg.png]
[cdn.pocketesim.com/img/product-detail/mk-card.png]
[www.pocketesim.com/en/esim/north-macedonia.html]
[cdn.pocketesim.com/img/product-detail/ml-detail.bg.png]
[cdn.pocketesim.com/img/product-detail/ml-card.png]
[www.pocketesim.com/en/esim/mali.html]
[cdn.pocketesim.com/img/product-detail/ne-detail.bg.png]
[cdn.pocketesim.com/img/product-detail/ne-card.png]
[www.pocketesim.com/en/esim/niger.html]
[cdn.pocketesim.com/img/product-detail/sn-detail.bg.png]
[cdn.pocketesim.com/img/product-detail/sn-card.png]
[www.pocketesim.com/en/esim/senegal.html]
[cdn.pocketesim.com/img/product-detail/sz-detail.bg.png]
[cdn.pocketesim.com/img/product-detail/sz-card.png]
[www.pocketesim.com/en/esim/eswatini.html]
[cdn.pocketesim.com/img/product-detail/tf-detail.bg.png]
[cdn.pocketesim.com/img/product-detail/tf-card.png]
[www.pocketesim.com/en/esim/french-southern-territories.html]
[www.pocketesim.com/img/logo-icon-full.svg]
[www.pocketesim.com/en/user/password-reset.html]
[www.pocketesim.com/en/user/login26f1.html]
[www.pocketesim.com/en/user/password-resetff64.html]
[www.pocketesim.com/en/user/password-reset26f1.html]
[www.pocketesim.com/en/user/signup26f1.html]
[www.pocketesim.com/en/user/signupff64.html]
[www.pocketesim.com/en/user/login899b.html]
[www.pocketesim.com/en/user/password-resetf8f5.html]
[www.pocketesim.com/en/user/password-reset899b.html]
[www.pocketesim.com/en/user/signup899b.html]
[www.pocketesim.com/en/user/signupf8f5.html]
[www.pocketesim.com/en/user/login6370.html]
[www.pocketesim.com/en/user/password-resetc4d3.html]
[www.pocketesim.com/en/user/password-reset6370.html]
[www.pocketesim.com/en/user/signup6370.html]
[www.pocketesim.com/en/user/signupc4d3.html]
[www.pocketesim.com/en/user/login32ad.html]
[www.pocketesim.com/en/user/password-resete64f.html]
[www.pocketesim.com/en/user/password-reset32ad.html]
[www.pocketesim.com/en/user/signup32ad.html]
[www.pocketesim.com/en/user/signupe64f.html]
[www.pocketesim.com/en/blog/how-to-stay-connected-while-exploring-greece-the-ultimate-esim-guide.html]
[www.pocketesim.com/en/blog/the-ultimate-guide-to-staying-connected-while-exploring-italy-using-esim.html]
[www.pocketesim.com/en/blog/how-to-stay-connected-in-north-cyprus-your-ultimate-guide.html]
[www.pocketesim.com/en/blog/what-is-data-roaming.html]
[www.pocketesim.com/en/blog/interesting-facts-about-paris.html]
[www.pocketesim.com/en/blog/how-long-does-esim-take-to-activate.html]
[www.pocketesim.com/en/blog/is-my-phone-esim-compatible.html]
[www.pocketesim.com/en/blog/esims-for-travel-guide-all-countries.html]
[www.pocketesim.com/en/blog/how-to-get-esim-in-brazil.html]
[www.pocketesim.com/en/blog/how-to-get-esim-in-japan.html]
[www.pocketesim.com/en/blog/how-to-get-esim-in-germany.html]
[www.pocketesim.com/en/blog/how-to-get-esim-in-abu-dhabi.html]
[www.pocketesim.com/en/blog/enhance-your-gaming-experience-with-esim-faster-and-uninterrupted-connection.html]
[www.pocketesim.com/en/blog/esim-and-environmental-impact-benefits-of-replacing-physical-sim-cards-with-esim.html]
[www.pocketesim.com/en/blog/esim-and-international-roaming-cost-benefits-and-ease-of-use.html]
[www.pocketesim.com/en/blog/best-esim-for-international-travel-full-guide.html]
[www.pocketesim.com/en/blog/how-to-get-esim-in-france.html]
[www.pocketesim.com/en/blog/esim-and-5g-technology-integration-new-opportunities.html]
[www.pocketesim.com/en/blog/how-to-get-esim-in-spain.html]
[www.pocketesim.com/en/blog/why-travelers-should-use-e-sim.html]
[www.pocketesim.com/en/blog/how-to-get-esim-in-italy.html]
[www.pocketesim.com/en/blog/how-to-get-esim-in-dubai.html]
[www.pocketesim.com/en/blog/what-type-of-traveler-are-you.html]
[www.pocketesim.com/en/blog/how-to-get-esim-in-uk.html]
[www.pocketesim.com/en/blog/how-to-get-esim-in-australia.html]
[www.pocketesim.com/en/blog/how-to-get-esim-in-canada.html]
[www.pocketesim.com/en/blog/how-to-get-esim-in-europe.html]
[www.pocketesim.com/en/blog/does-my-phone-support-e-sim.html]
[www.pocketesim.com/en/blog/e-sim-compatibility-around-the-world.html]
[www.pocketesim.com/en/blog/e-sim-needs-for-turkish-businesspeople-and-tourists-departing-from-turkiye.html]
[www.pocketesim.com/en/blog/e-sim-needs-of-businesspeople-and-tourists-visiting-turkiye.html]
[www.pocketesim.com/en/blog/types-of-sim-accounts-local-sim-international-sim-e-sim.html]
[www.pocketesim.com/en/blog/using-physical-sim-and-e-sim-in-dual-sim-support-phones.html]
[www.pocketesim.com/en/blog/the-e-sim-revolution-in-europe.html]
[www.pocketesim.com/en/blog/is-e-sim-safe.html]
[www.pocketesim.com/en/blog/e-sim-for-travelers.html]
[www.pocketesim.com/en/blog/advantages-of-e-sim.html]
[www.pocketesim.com/en/blog/esim-in-china-redefining-mobile-connectivity.html]
[www.pocketesim.com/en/blog/esim-revolution-the-future-of-mobile-connectivity-in-usa.html]
[www.pocketesim.com/en/blog/how-to-find-the-iccid-of-your-esim-iphone-android.html]
[www.pocketesim.com/tr/esim/andorra.html]
[www.pocketesim.com/tr/esim/antigua-and-barbuda.html]
[www.pocketesim.com/tr/esim/anguilla.html]
[www.pocketesim.com/tr/esim/albania.html]
[www.pocketesim.com/tr/esim/armenia.html]
[www.pocketesim.com/tr/esim/argentina.html]
[www.pocketesim.com/tr/esim/australia.html]
[www.pocketesim.com/tr/esim/azerbaijan.html]
[www.pocketesim.com/tr/esim/bosnia-and-herzegovina.html]
[www.pocketesim.com/tr/esim/barbados.html]
[www.pocketesim.com/tr/esim/bangladesh.html]
[www.pocketesim.com/tr/esim/belgium.html]
[www.pocketesim.com/tr/esim/bulgaria.html]
[www.pocketesim.com/tr/esim/bahrain.html]
[www.pocketesim.com/tr/esim/brunei.html]
[www.pocketesim.com/tr/esim/bolivia.html]
[www.pocketesim.com/tr/esim/brazil.html]
[www.pocketesim.com/tr/esim/bahamas.html]
[www.pocketesim.com/tr/esim/botswana.html]
[www.pocketesim.com/tr/esim/belarus.html]
[www.pocketesim.com/tr/esim/canada.html]
[www.pocketesim.com/tr/esim/democratic-republic-of-the-congo.html]
[www.pocketesim.com/tr/esim/chile.html]
[www.pocketesim.com/tr/esim/cameroon.html]
[www.pocketesim.com/tr/esim/colombia.html]
[www.pocketesim.com/tr/esim/costa-rica.html]
[www.pocketesim.com/tr/esim/cape-verde.html]
[www.pocketesim.com/tr/esim/cyprus.html]
[www.pocketesim.com/tr/esim/czech-republic.html]
[www.pocketesim.com/tr/esim/denmark.html]
[www.pocketesim.com/tr/esim/dominica.html]
[www.pocketesim.com/tr/esim/dominican-republic.html]
[www.pocketesim.com/tr/esim/algeria.html]
[www.pocketesim.com/tr/esim/ecuador.html]
[www.pocketesim.com/tr/esim/estonia.html]
[www.pocketesim.com/tr/esim/egypt.html]
[www.pocketesim.com/tr/esim/finland.html]
[www.pocketesim.com/tr/esim/fiji.html]
[www.pocketesim.com/tr/esim/faroe-islands.html]
[www.pocketesim.com/tr/esim/gabon.html]
[www.pocketesim.com/tr/esim/grenada.html]
[www.pocketesim.com/tr/esim/georgia.html]
[www.pocketesim.com/tr/esim/french-guiana.html]
[www.pocketesim.com/tr/esim/guernsey.html]
[www.pocketesim.com/tr/esim/ghana.html]
[www.pocketesim.com/tr/esim/gibraltar.html]
[www.pocketesim.com/tr/esim/greenland.html]
[www.pocketesim.com/tr/esim/guinea.html]
[www.pocketesim.com/tr/esim/guadeloupe.html]
[www.pocketesim.com/tr/esim/guatemala.html]
[www.pocketesim.com/tr/esim/guam.html]
[www.pocketesim.com/tr/esim/guinea-bissau.html]
[www.pocketesim.com/tr/esim/hong-kong.html]
[www.pocketesim.com/tr/esim/honduras.html]
[www.pocketesim.com/tr/esim/croatia.html]
[www.pocketesim.com/tr/esim/hungary.html]
[www.pocketesim.com/tr/esim/indonesia.html]
[www.pocketesim.com/tr/esim/ireland.html]
[www.pocketesim.com/tr/esim/israel.html]
[www.pocketesim.com/tr/esim/isle-of-man.html]
[www.pocketesim.com/tr/esim/india.html]
[www.pocketesim.com/tr/esim/iraq.html]
[www.pocketesim.com/tr/esim/iran.html]
[www.pocketesim.com/tr/esim/iceland.html]
[www.pocketesim.com/tr/esim/jersey.html]
[www.pocketesim.com/tr/esim/jamaica.html]
[www.pocketesim.com/tr/esim/jordan.html]
[www.pocketesim.com/tr/esim/kenya.html]
[www.pocketesim.com/tr/esim/kyrgyzstan.html]
[www.pocketesim.com/tr/esim/cambodia.html]
[www.pocketesim.com/tr/esim/saint-kitts-and-nevis.html]
[www.pocketesim.com/tr/esim/south-korea.html]
[www.pocketesim.com/tr/esim/cayman-islands.html]
[www.pocketesim.com/tr/esim/kazakhstan.html]
[www.pocketesim.com/tr/esim/laos.html]
[www.pocketesim.com/tr/esim/saint-lucia.html]
[www.pocketesim.com/tr/esim/liechtenstein.html]
[www.pocketesim.com/tr/esim/sri-lanka.html]
[www.pocketesim.com/tr/esim/liberia.html]
[www.pocketesim.com/tr/esim/lesotho.html]
[www.pocketesim.com/tr/esim/lithuania.html]
[www.pocketesim.com/tr/esim/luxembourg.html]
[www.pocketesim.com/tr/esim/latvia.html]
[www.pocketesim.com/tr/esim/morocco.html]
[www.pocketesim.com/tr/esim/monaco.html]
[www.pocketesim.com/tr/esim/moldova.html]
[www.pocketesim.com/tr/esim/montenegro.html]
[www.pocketesim.com/tr/esim/madagascar.html]
[www.pocketesim.com/tr/esim/myanmar-burma.html]
[www.pocketesim.com/tr/esim/mongolia.html]
[www.pocketesim.com/tr/esim/macao.html]
[www.pocketesim.com/tr/esim/martinique.html]
[www.pocketesim.com/tr/esim/montserrat.html]
[www.pocketesim.com/tr/esim/malta.html]
[www.pocketesim.com/tr/esim/mauritius.html]
[www.pocketesim.com/tr/esim/malawi.html]
[www.pocketesim.com/tr/esim/malaysia.html]
[www.pocketesim.com/tr/esim/mozambique.html]
[www.pocketesim.com/tr/esim/nigeria.html]
[www.pocketesim.com/tr/esim/nicaragua.html]
[www.pocketesim.com/tr/esim/norway.html]
[www.pocketesim.com/tr/esim/new-zealand.html]
[www.pocketesim.com/tr/esim/oman.html]
[www.pocketesim.com/tr/esim/panama.html]
[www.pocketesim.com/tr/esim/peru.html]
[www.pocketesim.com/tr/esim/papua-new-guinea.html]
[www.pocketesim.com/tr/esim/philippines.html]
[www.pocketesim.com/tr/esim/pakistan.html]
[www.pocketesim.com/tr/esim/poland.html]
[www.pocketesim.com/tr/esim/puerto-rico.html]
[www.pocketesim.com/tr/esim/palestine.html]
[www.pocketesim.com/tr/esim/portugal.html]
[www.pocketesim.com/tr/esim/paraguay.html]
[www.pocketesim.com/tr/esim/reunion.html]
[www.pocketesim.com/tr/esim/romania.html]
[www.pocketesim.com/tr/esim/serbia.html]
[www.pocketesim.com/tr/esim/russia.html]
[www.pocketesim.com/tr/esim/rwanda.html]
[www.pocketesim.com/tr/esim/seychelles.html]
[www.pocketesim.com/tr/esim/sudan.html]
[www.pocketesim.com/tr/esim/sweden.html]
[www.pocketesim.com/tr/esim/slovenia.html]
[www.pocketesim.com/tr/esim/slovakia.html]
[www.pocketesim.com/tr/esim/el-salvador.html]
[www.pocketesim.com/tr/esim/turks-and-caicos-islands.html]
[www.pocketesim.com/tr/esim/chad.html]
[www.pocketesim.com/tr/esim/tajikistan.html]
[www.pocketesim.com/tr/esim/tunisia.html]
[www.pocketesim.com/tr/esim/tonga.html]
[www.pocketesim.com/tr/esim/trinidad-and-tobago.html]
[www.pocketesim.com/tr/esim/taiwan.html]
[www.pocketesim.com/tr/esim/tanzania.html]
[www.pocketesim.com/tr/esim/ukraine.html]
[www.pocketesim.com/tr/esim/uganda.html]
[www.pocketesim.com/tr/esim/uruguay.html]
[www.pocketesim.com/tr/esim/uzbekistan.html]
[www.pocketesim.com/tr/esim/saint-vincent-and-the-grenadines.html]
[www.pocketesim.com/tr/esim/british-virgin-islands.html]
[www.pocketesim.com/tr/esim/vietnam.html]
[www.pocketesim.com/tr/esim/samoa.html]
[www.pocketesim.com/tr/esim/kosovo.html]
[www.pocketesim.com/tr/esim/yemen.html]
[www.pocketesim.com/tr/esim/mayotte.html]
[www.pocketesim.com/tr/esim/south-africa.html]
[www.pocketesim.com/tr/esim/zambia.html]
[www.pocketesim.com/tr/esim/north-cyprus.html]
[www.pocketesim.com/tr/compatibility.html]
[www.pocketesim.com/tr/esim/vatican-city.html]
[www.pocketesim.com/tr/esim/aruba.html]
[www.pocketesim.com/tr/esim/venezuela.html]
[www.pocketesim.com/tr/esim/aland.html]
[www.pocketesim.com/tr/esim/central-african-republic.html]
[www.pocketesim.com/tr/esim/republic-of-the-congo.html]
[www.pocketesim.com/tr/esim/ivory-coast.html]
[www.pocketesim.com/tr/esim/north-macedonia.html]
[www.pocketesim.com/tr/esim/mali.html]
[www.pocketesim.com/tr/esim/niger.html]
[www.pocketesim.com/tr/esim/senegal.html]
[www.pocketesim.com/tr/esim/eswatini.html]
[www.pocketesim.com/tr/esim/french-southern-territories.html]
[www.pocketesim.com/tr/user/password-reset.html]
[www.pocketesim.com/tr/user/login5095.html]
[www.pocketesim.com/tr/user/password-reset9d7e.html]
[www.pocketesim.com/tr/user/password-reset5095.html]
[www.pocketesim.com/tr/user/signup5095.html]
[www.pocketesim.com/tr/user/signup9d7e.html]
[www.pocketesim.com/tr/user/login357c.html]
[www.pocketesim.com/tr/user/password-reset56ff.html]
[www.pocketesim.com/tr/user/password-reset357c.html]
[www.pocketesim.com/tr/user/signup357c.html]
[www.pocketesim.com/tr/user/signup56ff.html]
[www.pocketesim.com/tr/user/login5c58.html]
[www.pocketesim.com/tr/user/password-reset91cd.html]
[www.pocketesim.com/tr/user/password-reset5c58.html]
[www.pocketesim.com/tr/user/signup5c58.html]
[www.pocketesim.com/tr/user/signup91cd.html]
[www.pocketesim.com/tr/user/login89bf.html]
[www.pocketesim.com/tr/user/password-reset9a44.html]
[www.pocketesim.com/tr/user/password-reset89bf.html]
[www.pocketesim.com/tr/user/signup89bf.html]
[www.pocketesim.com/tr/user/signup9a44.html]
[www.pocketesim.com/tr/blog/yunanistanda-sorunsuz-bir-seyahat-icin-esim-rehberi-baglantida-kalmanin-en-kolay-yolu.html]
[www.pocketesim.com/tr/blog/italyada-esim-kullanarak-baglantida-kalmanin-rehberi-kolaylik-uygun-fiyat-ve-rahatlik.html]
[www.pocketesim.com/tr/blog/kuzey-kibrista-esim-kullanarak-sorunsuz-baglanti-seyahatinizi-kolaylastirin.html]
[www.pocketesim.com/tr/blog/monako-ve-esim-rehberi.html]
[www.pocketesim.com/tr/blog/euro-2024-esim-rahatligi.html]
[www.pocketesim.com/tr/blog/hac-ziyaretini-yapmak-isteyenler-icin-esim-kullanimi.html]
[www.pocketesim.com/tr/blog/cinde-esim-mobil-baglantinin-yeniden-tanimlanmasi.html]
[www.pocketesim.com/tr/blog/sim-hesaplari-turleri-yerel-sim-uluslararasi-sim-e-sim.html]
[www.pocketesim.com/tr/index.html]
[www.pocketesim.com/tr/blog/gezginler-icin-e-sim.html]
[www.pocketesim.com/tr/blog/e-sim-avantajlari.html]
[www.pocketesim.com/tr/blog/avrupada-e-sim-devrimi.html]
[www.pocketesim.com/tr/blog/esim-ile-birden-fazla-numara-kullanma-nasil-yapilir.html]
[www.pocketesim.com/tr/blog/esim-devrimi-amerikada-mobil-baglantinin-gelecegi.html]
[www.pocketesim.com/tr/blog/esim-alirken-dikkat-edilmesi-gerekenler.html]
[www.pocketesim.com/tr/blog/esim-bireysel-ve-kurumsal-farklar-nelerdir.html]
[www.pocketesim.com/tr/blog/gezginler-neden-e-sim-kullanmali.html]
[www.pocketesim.com/tr/blog/dunya-genelinde-e-sim-uyumlulugu.html]
[www.pocketesim.com/tr/blog/bolgesel-e-sim-ve-ulke-e-sim-farklari-nelerdir.html]
[www.pocketesim.com/tr/blog/akilli-telefonlarda-esim-destegi-nasil-etkinlestirilir.html]
[cdn.pocketesim.com/img/product-detail/ad-detail.bg.html]
[cdn.pocketesim.com/img/product-detail/ad-card.html]
[cdn.pocketesim.com/img/product-detail/ag-detail.bg.html]
[cdn.pocketesim.com/img/product-detail/ag-card.html]
[cdn.pocketesim.com/img/product-detail/ai-detail.bg.html]
[cdn.pocketesim.com/img/product-detail/ai-card.html]
[cdn.pocketesim.com/img/product-detail/al-detail.bg.html]
[cdn.pocketesim.com/img/product-detail/al-card.html]
[cdn.pocketesim.com/img/product-detail/am-detail.bg.html]
[cdn.pocketesim.com/img/product-detail/am-card.html]
[cdn.pocketesim.com/img/product-detail/ar-detail.bg.html]
[cdn.pocketesim.com/img/product-detail/ar-card.html]
[cdn.pocketesim.com/img/product-detail/au-detail.bg.html]
[cdn.pocketesim.com/img/product-detail/au-card.html]
[cdn.pocketesim.com/img/product-detail/az-detail.bg.html]
[cdn.pocketesim.com/img/product-detail/az-card.html]
[cdn.pocketesim.com/img/product-detail/ba-detail.bg.html]
[cdn.pocketesim.com/img/product-detail/ba-card.html]
[cdn.pocketesim.com/img/product-detail/bb-detail.bg.html]
[cdn.pocketesim.com/img/product-detail/bb-card.html]
[cdn.pocketesim.com/img/product-detail/bd-detail.bg.html]
[cdn.pocketesim.com/img/product-detail/bd-card.html]
[cdn.pocketesim.com/img/product-detail/be-detail.bg.html]
[cdn.pocketesim.com/img/product-detail/be-card.html]
[cdn.pocketesim.com/img/product-detail/bg-detail.bg.html]
[cdn.pocketesim.com/img/product-detail/bg-card.html]
[cdn.pocketesim.com/img/product-detail/bh-detail.bg.html]
[cdn.pocketesim.com/img/product-detail/bh-card.html]
[cdn.pocketesim.com/img/product-detail/bn-detail.bg.html]
[cdn.pocketesim.com/img/product-detail/bn-card.html]
[cdn.pocketesim.com/img/product-detail/bo-detail.bg.html]
[cdn.pocketesim.com/img/product-detail/bo-card.html]
[cdn.pocketesim.com/img/product-detail/br-detail.bg.html]
[cdn.pocketesim.com/img/product-detail/br-card.html]
[cdn.pocketesim.com/img/product-detail/bs-detail.bg.html]
[cdn.pocketesim.com/img/product-detail/bs-card.html]
[cdn.pocketesim.com/img/product-detail/bw-detail.bg.html]
[cdn.pocketesim.com/img/product-detail/bw-card.html]
[cdn.pocketesim.com/img/product-detail/by-detail.bg.html]
[cdn.pocketesim.com/img/product-detail/by-card.html]
[cdn.pocketesim.com/img/product-detail/ca-detail.bg.html]
[cdn.pocketesim.com/img/product-detail/ca-card.html]
[cdn.pocketesim.com/img/product-detail/cd-detail.bg.html]
[cdn.pocketesim.com/img/product-detail/cd-card.html]
[cdn.pocketesim.com/img/product-detail/cl-detail.bg.html]
[cdn.pocketesim.com/img/product-detail/cl-card.html]
[cdn.pocketesim.com/img/product-detail/cm-detail.bg.html]
[cdn.pocketesim.com/img/product-detail/cm-card.html]
[cdn.pocketesim.com/img/product-detail/co-detail.bg.html]
[cdn.pocketesim.com/img/product-detail/co-card.html]
[cdn.pocketesim.com/img/product-detail/cr-detail.bg.html]
[cdn.pocketesim.com/img/product-detail/cr-card.html]
[cdn.pocketesim.com/img/product-detail/cv-detail.bg.html]
[cdn.pocketesim.com/img/product-detail/cv-card.html]
[cdn.pocketesim.com/img/product-detail/cy-detail.bg.html]
[cdn.pocketesim.com/img/product-detail/cy-card.html]
[cdn.pocketesim.com/img/product-detail/cz-detail.bg.html]
[cdn.pocketesim.com/img/product-detail/cz-card.html]
[cdn.pocketesim.com/img/product-detail/dk-detail.bg.html]
[cdn.pocketesim.com/img/product-detail/dk-card.html]
[cdn.pocketesim.com/img/product-detail/dm-detail.bg.html]
[cdn.pocketesim.com/img/product-detail/dm-card.html]
[cdn.pocketesim.com/img/product-detail/do-detail.bg.html]
[cdn.pocketesim.com/img/product-detail/do-card.html]
[cdn.pocketesim.com/img/product-detail/dz-detail.bg.html]
[cdn.pocketesim.com/img/product-detail/dz-card.html]
[cdn.pocketesim.com/img/product-detail/ec-detail.bg.html]
[cdn.pocketesim.com/img/product-detail/ec-card.html]
[cdn.pocketesim.com/img/product-detail/ee-detail.bg.html]
[cdn.pocketesim.com/img/product-detail/ee-card.html]
[cdn.pocketesim.com/img/product-detail/eg-detail.bg.html]
[cdn.pocketesim.com/img/product-detail/eg-card.html]
[cdn.pocketesim.com/img/product-detail/fi-detail.bg.html]
[cdn.pocketesim.com/img/product-detail/fi-card.html]
[cdn.pocketesim.com/img/product-detail/fj-detail.bg.html]
[cdn.pocketesim.com/img/product-detail/fj-card.html]
[cdn.pocketesim.com/img/product-detail/fo-detail.bg.html]
[cdn.pocketesim.com/img/product-detail/fo-card.html]
[cdn.pocketesim.com/img/product-detail/ga-detail.bg.html]
[cdn.pocketesim.com/img/product-detail/ga-card.html]
[cdn.pocketesim.com/img/product-detail/gd-detail.bg.html]
[cdn.pocketesim.com/img/product-detail/gd-card.html]
[cdn.pocketesim.com/img/product-detail/ge-detail.bg.html]
[cdn.pocketesim.com/img/product-detail/ge-card.html]
[cdn.pocketesim.com/img/product-detail/gf-detail.bg.html]
[cdn.pocketesim.com/img/product-detail/gf-card.html]
[cdn.pocketesim.com/img/product-detail/gg-detail.bg.html]
[cdn.pocketesim.com/img/product-detail/gg-card.html]
[cdn.pocketesim.com/img/product-detail/gh-detail.bg.html]
[cdn.pocketesim.com/img/product-detail/gh-card.html]
[cdn.pocketesim.com/img/product-detail/gi-detail.bg.html]
[cdn.pocketesim.com/img/product-detail/gi-card.html]
[cdn.pocketesim.com/img/product-detail/gl-detail.bg.html]
[cdn.pocketesim.com/img/product-detail/gl-card.html]
[cdn.pocketesim.com/img/product-detail/gn-detail.bg.html]
[cdn.pocketesim.com/img/product-detail/gn-card.html]
[cdn.pocketesim.com/img/product-detail/gp-detail.bg.html]
[cdn.pocketesim.com/img/product-detail/gp-card.html]
[cdn.pocketesim.com/img/product-detail/gt-detail.bg.html]
[cdn.pocketesim.com/img/product-detail/gt-card.html]
[cdn.pocketesim.com/img/product-detail/gu-detail.bg.html]
[cdn.pocketesim.com/img/product-detail/gu-card.html]
[cdn.pocketesim.com/img/product-detail/gw-detail.bg.html]
[cdn.pocketesim.com/img/product-detail/gw-card.html]
[cdn.pocketesim.com/img/product-detail/hk-detail.bg.html]
[cdn.pocketesim.com/img/product-detail/hk-card.html]
[cdn.pocketesim.com/img/product-detail/hn-detail.bg.html]
[cdn.pocketesim.com/img/product-detail/hn-card.html]
[cdn.pocketesim.com/img/product-detail/hr-detail.bg.html]
[cdn.pocketesim.com/img/product-detail/hr-card.html]
[cdn.pocketesim.com/img/product-detail/hu-detail.bg.html]
[cdn.pocketesim.com/img/product-detail/hu-card.html]
[cdn.pocketesim.com/img/product-detail/id-detail.bg.html]
[cdn.pocketesim.com/img/product-detail/id-card.html]
[cdn.pocketesim.com/img/product-detail/ie-detail.bg.html]
[cdn.pocketesim.com/img/product-detail/ie-card.html]
[cdn.pocketesim.com/img/product-detail/il-detail.bg.html]
[cdn.pocketesim.com/img/product-detail/il-card.html]
[cdn.pocketesim.com/img/product-detail/im-detail.bg.html]
[cdn.pocketesim.com/img/product-detail/im-card.html]
[cdn.pocketesim.com/img/product-detail/in-detail.bg.html]
[cdn.pocketesim.com/img/product-detail/in-card.html]
[cdn.pocketesim.com/img/product-detail/iq-detail.bg.html]
[cdn.pocketesim.com/img/product-detail/iq-card.html]
[cdn.pocketesim.com/img/product-detail/ir-detail.bg.html]
[cdn.pocketesim.com/img/product-detail/ir-card.html]
[cdn.pocketesim.com/img/product-detail/is-detail.bg.html]
[cdn.pocketesim.com/img/product-detail/is-card.html]
[cdn.pocketesim.com/img/product-detail/je-detail.bg.html]
[cdn.pocketesim.com/img/product-detail/je-card.html]
[cdn.pocketesim.com/img/product-detail/jm-detail.bg.html]
[cdn.pocketesim.com/img/product-detail/jm-card.html]
[cdn.pocketesim.com/img/product-detail/jo-detail.bg.html]
[cdn.pocketesim.com/img/product-detail/jo-card.html]
[cdn.pocketesim.com/img/product-detail/ke-detail.bg.html]
[cdn.pocketesim.com/img/product-detail/ke-card.html]
[cdn.pocketesim.com/img/product-detail/kg-detail.bg.html]
[cdn.pocketesim.com/img/product-detail/kg-card.html]
[cdn.pocketesim.com/img/product-detail/kh-detail.bg.html]
[cdn.pocketesim.com/img/product-detail/kh-card.html]
[cdn.pocketesim.com/img/product-detail/kn-detail.bg.html]
[cdn.pocketesim.com/img/product-detail/kn-card.html]
[cdn.pocketesim.com/img/product-detail/kr-detail.bg.html]
[cdn.pocketesim.com/img/product-detail/kr-card.html]
[cdn.pocketesim.com/img/product-detail/ky-detail.bg.html]
[cdn.pocketesim.com/img/product-detail/ky-card.html]
[cdn.pocketesim.com/img/product-detail/kz-detail.bg.html]
[cdn.pocketesim.com/img/product-detail/kz-card.html]
[cdn.pocketesim.com/img/product-detail/la-detail.bg.html]
[cdn.pocketesim.com/img/product-detail/la-card.html]
[cdn.pocketesim.com/img/product-detail/lc-detail.bg.html]
[cdn.pocketesim.com/img/product-detail/lc-card.html]
[cdn.pocketesim.com/img/product-detail/li-detail.bg.html]
[cdn.pocketesim.com/img/product-detail/li-card.html]
[cdn.pocketesim.com/img/product-detail/lk-detail.bg.html]
[cdn.pocketesim.com/img/product-detail/lk-card.html]
[cdn.pocketesim.com/img/product-detail/lr-detail.bg.html]
[cdn.pocketesim.com/img/product-detail/lr-card.html]
[cdn.pocketesim.com/img/product-detail/ls-detail.bg.html]
[cdn.pocketesim.com/img/product-detail/ls-card.html]
[cdn.pocketesim.com/img/product-detail/lt-detail.bg.html]
[cdn.pocketesim.com/img/product-detail/lt-card.html]
[cdn.pocketesim.com/img/product-detail/lu-detail.bg.html]
[cdn.pocketesim.com/img/product-detail/lu-card.html]
[cdn.pocketesim.com/img/product-detail/lv-detail.bg.html]
[cdn.pocketesim.com/img/product-detail/lv-card.html]
[cdn.pocketesim.com/img/product-detail/ma-detail.bg.html]
[cdn.pocketesim.com/img/product-detail/ma-card.html]
[cdn.pocketesim.com/img/product-detail/mc-detail.bg.html]
[cdn.pocketesim.com/img/product-detail/mc-card.html]
[cdn.pocketesim.com/img/product-detail/md-detail.bg.html]
[cdn.pocketesim.com/img/product-detail/md-card.html]
[cdn.pocketesim.com/img/product-detail/me-detail.bg.html]
[cdn.pocketesim.com/img/product-detail/me-card.html]
[cdn.pocketesim.com/img/product-detail/mg-detail.bg.html]
[cdn.pocketesim.com/img/product-detail/mg-card.html]
[cdn.pocketesim.com/img/product-detail/mm-detail.bg.html]
[cdn.pocketesim.com/img/product-detail/mm-card.html]
[cdn.pocketesim.com/img/product-detail/mn-detail.bg.html]
[cdn.pocketesim.com/img/product-detail/mn-card.html]
[cdn.pocketesim.com/img/product-detail/mo-detail.bg.html]
[cdn.pocketesim.com/img/product-detail/mo-card.html]
[cdn.pocketesim.com/img/product-detail/mq-detail.bg.html]
[cdn.pocketesim.com/img/product-detail/mq-card.html]
[cdn.pocketesim.com/img/product-detail/ms-detail.bg.html]
[cdn.pocketesim.com/img/product-detail/ms-card.html]
[cdn.pocketesim.com/img/product-detail/mt-detail.bg.html]
[cdn.pocketesim.com/img/product-detail/mt-card.html]
[cdn.pocketesim.com/img/product-detail/mu-detail.bg.html]
[cdn.pocketesim.com/img/product-detail/mu-card.html]
[cdn.pocketesim.com/img/product-detail/mw-detail.bg.html]
[cdn.pocketesim.com/img/product-detail/mw-card.html]
[cdn.pocketesim.com/img/product-detail/my-detail.bg.html]
[cdn.pocketesim.com/img/product-detail/my-card.html]
[cdn.pocketesim.com/img/product-detail/mz-detail.bg.html]
[cdn.pocketesim.com/img/product-detail/mz-card.html]
[cdn.pocketesim.com/img/product-detail/ng-detail.bg.html]
[cdn.pocketesim.com/img/product-detail/ng-card.html]
[cdn.pocketesim.com/img/product-detail/ni-detail.bg.html]
[cdn.pocketesim.com/img/product-detail/ni-card.html]
[cdn.pocketesim.com/img/product-detail/no-detail.bg.html]
[cdn.pocketesim.com/img/product-detail/no-card.html]
[cdn.pocketesim.com/img/product-detail/nz-detail.bg.html]
[cdn.pocketesim.com/img/product-detail/nz-card.html]
[cdn.pocketesim.com/img/product-detail/om-detail.bg.html]
[cdn.pocketesim.com/img/product-detail/om-card.html]
[cdn.pocketesim.com/img/product-detail/pa-detail.bg.html]
[cdn.pocketesim.com/img/product-detail/pa-card.html]
[cdn.pocketesim.com/img/product-detail/pe-detail.bg.html]
[cdn.pocketesim.com/img/product-detail/pe-card.html]
[cdn.pocketesim.com/img/product-detail/pg-detail.bg.html]
[cdn.pocketesim.com/img/product-detail/pg-card.html]
[cdn.pocketesim.com/img/product-detail/ph-detail.bg.html]
[cdn.pocketesim.com/img/product-detail/ph-card.html]
[cdn.pocketesim.com/img/product-detail/pk-detail.bg.html]
[cdn.pocketesim.com/img/product-detail/pk-card.html]
[cdn.pocketesim.com/img/product-detail/pl-detail.bg.html]
[cdn.pocketesim.com/img/product-detail/pl-card.html]
[cdn.pocketesim.com/img/product-detail/pr-detail.bg.html]
[cdn.pocketesim.com/img/product-detail/pr-card.html]
[cdn.pocketesim.com/img/product-detail/ps-detail.bg.html]
[cdn.pocketesim.com/img/product-detail/ps-card.html]
[cdn.pocketesim.com/img/product-detail/pt-detail.bg.html]
[cdn.pocketesim.com/img/product-detail/pt-card.html]
[cdn.pocketesim.com/img/product-detail/py-detail.bg.html]
[cdn.pocketesim.com/img/product-detail/py-card.html]
[cdn.pocketesim.com/img/product-detail/re-detail.bg.html]
[cdn.pocketesim.com/img/product-detail/re-card.html]
[cdn.pocketesim.com/img/product-detail/ro-detail.bg.html]
[cdn.pocketesim.com/img/product-detail/ro-card.html]
[cdn.pocketesim.com/img/product-detail/rs-detail.bg.html]
[cdn.pocketesim.com/img/product-detail/rs-card.html]
[cdn.pocketesim.com/img/product-detail/ru-detail.bg.html]
[cdn.pocketesim.com/img/product-detail/ru-card.html]
[cdn.pocketesim.com/img/product-detail/rw-detail.bg.html]
[cdn.pocketesim.com/img/product-detail/rw-card.html]
[cdn.pocketesim.com/img/product-detail/sc-detail.bg.html]
[cdn.pocketesim.com/img/product-detail/sc-card.html]
[cdn.pocketesim.com/img/product-detail/sd-detail.bg.html]
[cdn.pocketesim.com/img/product-detail/sd-card.html]
[cdn.pocketesim.com/img/product-detail/se-detail.bg.html]
[cdn.pocketesim.com/img/product-detail/se-card.html]
[cdn.pocketesim.com/img/product-detail/si-detail.bg.html]
[cdn.pocketesim.com/img/product-detail/si-card.html]
[cdn.pocketesim.com/img/product-detail/sk-detail.bg.html]
[cdn.pocketesim.com/img/product-detail/sk-card.html]
[cdn.pocketesim.com/img/product-detail/sv-detail.bg.html]
[cdn.pocketesim.com/img/product-detail/sv-card.html]
[cdn.pocketesim.com/img/product-detail/tc-detail.bg.html]
[cdn.pocketesim.com/img/product-detail/tc-card.html]
[cdn.pocketesim.com/img/product-detail/td-detail.bg.html]
[cdn.pocketesim.com/img/product-detail/td-card.html]
[cdn.pocketesim.com/img/product-detail/tj-detail.bg.html]
[cdn.pocketesim.com/img/product-detail/tj-card.html]
[cdn.pocketesim.com/img/product-detail/tn-detail.bg.html]
[cdn.pocketesim.com/img/product-detail/tn-card.html]
[cdn.pocketesim.com/img/product-detail/to-detail.bg.html]
[cdn.pocketesim.com/img/product-detail/to-card.html]
[cdn.pocketesim.com/img/product-detail/tt-detail.bg.html]
[cdn.pocketesim.com/img/product-detail/tt-card.html]
[cdn.pocketesim.com/img/product-detail/tw-detail.bg.html]
[cdn.pocketesim.com/img/product-detail/tw-card.html]
[cdn.pocketesim.com/img/product-detail/tz-detail.bg.html]
[cdn.pocketesim.com/img/product-detail/tz-card.html]
[cdn.pocketesim.com/img/product-detail/ua-detail.bg.html]
[cdn.pocketesim.com/img/product-detail/ua-card.html]
[cdn.pocketesim.com/img/product-detail/ug-detail.bg.html]
[cdn.pocketesim.com/img/product-detail/ug-card.html]
[cdn.pocketesim.com/img/product-detail/uy-detail.bg.html]
[cdn.pocketesim.com/img/product-detail/uy-card.html]
[cdn.pocketesim.com/img/product-detail/uz-detail.bg.html]
[cdn.pocketesim.com/img/product-detail/uz-card.html]
[cdn.pocketesim.com/img/product-detail/vc-detail.bg.html]
[cdn.pocketesim.com/img/product-detail/vc-card.html]
[cdn.pocketesim.com/img/product-detail/vg-detail.bg.html]
[cdn.pocketesim.com/img/product-detail/vg-card.html]
[cdn.pocketesim.com/img/product-detail/vn-detail.bg.html]
[cdn.pocketesim.com/img/product-detail/vn-card.html]
[cdn.pocketesim.com/img/product-detail/ws-detail.bg.html]
[cdn.pocketesim.com/img/product-detail/ws-card.html]
[cdn.pocketesim.com/img/product-detail/xk-detail.bg.html]
[cdn.pocketesim.com/img/product-detail/xk-card.html]
[cdn.pocketesim.com/img/product-detail/ye-detail.bg.html]
[cdn.pocketesim.com/img/product-detail/ye-card.html]
[cdn.pocketesim.com/img/product-detail/yt-detail.bg.html]
[cdn.pocketesim.com/img/product-detail/yt-card.html]
[cdn.pocketesim.com/img/product-detail/za-detail.bg.html]
[cdn.pocketesim.com/img/product-detail/za-card.html]
[cdn.pocketesim.com/img/product-detail/zm-detail.bg.html]
[cdn.pocketesim.com/img/product-detail/zm-card.html]
[cdn.pocketesim.com/img/product-detail/cyn-detail.bg.html]
[cdn.pocketesim.com/img/product-detail/cyn-card.html]
[cdn.pocketesim.com/img/product-detail/va-detail.bg.html]
[cdn.pocketesim.com/img/product-detail/va-card.html]
[cdn.pocketesim.com/img/product-detail/aw-detail.bg.html]
[cdn.pocketesim.com/img/product-detail/aw-card.html]
[cdn.pocketesim.com/img/product-detail/ve-detail.bg.html]
[cdn.pocketesim.com/img/product-detail/ve-card.html]
[cdn.pocketesim.com/img/product-detail/ax-detail.bg.html]
[cdn.pocketesim.com/img/product-detail/ax-card.html]
[cdn.pocketesim.com/img/product-detail/cf-detail.bg.html]
[cdn.pocketesim.com/img/product-detail/cf-card.html]
[cdn.pocketesim.com/img/product-detail/cg-detail.bg.html]
[cdn.pocketesim.com/img/product-detail/cg-card.html]
[cdn.pocketesim.com/img/product-detail/ci-detail.bg.html]
[cdn.pocketesim.com/img/product-detail/ci-card.html]
[cdn.pocketesim.com/img/product-detail/mk-detail.bg.html]
[cdn.pocketesim.com/img/product-detail/mk-card.html]
[cdn.pocketesim.com/img/product-detail/ml-detail.bg.html]
[cdn.pocketesim.com/img/product-detail/ml-card.html]
[cdn.pocketesim.com/img/product-detail/ne-detail.bg.html]
[cdn.pocketesim.com/img/product-detail/ne-card.html]
[cdn.pocketesim.com/img/product-detail/sn-detail.bg.html]
[cdn.pocketesim.com/img/product-detail/sn-card.html]
[cdn.pocketesim.com/img/product-detail/sz-detail.bg.html]
[cdn.pocketesim.com/img/product-detail/sz-card.html]
[cdn.pocketesim.com/img/product-detail/tf-detail.bg.html]
[cdn.pocketesim.com/img/product-detail/tf-card.html]
[www.pocketesim.com/en/user/password-reset26f1.html]
[www.pocketesim.com/en/user/signup26f1.html]
[www.pocketesim.com/en/user/password-reset899b.html]
[www.pocketesim.com/en/user/signup899b.html]
[www.pocketesim.com/en/user/password-reset6370.html]
[www.pocketesim.com/en/user/signup6370.html]
[www.pocketesim.com/en/user/password-reset32ad.html]
[www.pocketesim.com/en/user/signup32ad.html]
[www.pocketesim.com/tr/user/password-reset5095.html]
[www.pocketesim.com/tr/user/signup5095.html]
[www.pocketesim.com/tr/user/password-reset357c.html]
[www.pocketesim.com/tr/user/signup357c.html]
[www.pocketesim.com/tr/user/password-reset5c58.html]
[www.pocketesim.com/tr/user/signup5c58.html]
[www.pocketesim.com/tr/user/password-reset89bf.html]
[www.pocketesim.com/tr/user/signup89bf.html]
[www.pocketesim.com/tr/index.html]
[www.pocketesim.com/en/index.html]
[www.pocketesim.com/en/index.html]
